Archive member included to satisfy reference by file (symbol)

c:/program files/stmicroelectronics/stm32cube/stm32cubeide_1.3.0/stm32cubeide/plugins/com.st.stm32cube.ide.mcu.externaltools.gnu-tools-for-stm32.7-2018-q2-update.win32_1.0.0.201904181610/tools/bin/../lib/gcc/arm-none-eabi/7.3.1/../../../../arm-none-eabi/lib/thumb/v7e-m/fpv4-sp/hard\libc_nano.a(lib_a-errno.o)
                              Core/Src/syscalls.o (__errno)
c:/program files/stmicroelectronics/stm32cube/stm32cubeide_1.3.0/stm32cubeide/plugins/com.st.stm32cube.ide.mcu.externaltools.gnu-tools-for-stm32.7-2018-q2-update.win32_1.0.0.201904181610/tools/bin/../lib/gcc/arm-none-eabi/7.3.1/../../../../arm-none-eabi/lib/thumb/v7e-m/fpv4-sp/hard\libc_nano.a(lib_a-exit.o)
                              c:/program files/stmicroelectronics/stm32cube/stm32cubeide_1.3.0/stm32cubeide/plugins/com.st.stm32cube.ide.mcu.externaltools.gnu-tools-for-stm32.7-2018-q2-update.win32_1.0.0.201904181610/tools/bin/../lib/gcc/arm-none-eabi/7.3.1/../../../../arm-none-eabi/lib/thumb/v7e-m/fpv4-sp/hard/crt0.o (exit)
c:/program files/stmicroelectronics/stm32cube/stm32cubeide_1.3.0/stm32cubeide/plugins/com.st.stm32cube.ide.mcu.externaltools.gnu-tools-for-stm32.7-2018-q2-update.win32_1.0.0.201904181610/tools/bin/../lib/gcc/arm-none-eabi/7.3.1/../../../../arm-none-eabi/lib/thumb/v7e-m/fpv4-sp/hard\libc_nano.a(lib_a-impure.o)
                              c:/program files/stmicroelectronics/stm32cube/stm32cubeide_1.3.0/stm32cubeide/plugins/com.st.stm32cube.ide.mcu.externaltools.gnu-tools-for-stm32.7-2018-q2-update.win32_1.0.0.201904181610/tools/bin/../lib/gcc/arm-none-eabi/7.3.1/../../../../arm-none-eabi/lib/thumb/v7e-m/fpv4-sp/hard\libc_nano.a(lib_a-exit.o) (_global_impure_ptr)
c:/program files/stmicroelectronics/stm32cube/stm32cubeide_1.3.0/stm32cubeide/plugins/com.st.stm32cube.ide.mcu.externaltools.gnu-tools-for-stm32.7-2018-q2-update.win32_1.0.0.201904181610/tools/bin/../lib/gcc/arm-none-eabi/7.3.1/../../../../arm-none-eabi/lib/thumb/v7e-m/fpv4-sp/hard\libc_nano.a(lib_a-init.o)
                              c:/program files/stmicroelectronics/stm32cube/stm32cubeide_1.3.0/stm32cubeide/plugins/com.st.stm32cube.ide.mcu.externaltools.gnu-tools-for-stm32.7-2018-q2-update.win32_1.0.0.201904181610/tools/bin/../lib/gcc/arm-none-eabi/7.3.1/../../../../arm-none-eabi/lib/thumb/v7e-m/fpv4-sp/hard/crt0.o (__libc_init_array)
c:/program files/stmicroelectronics/stm32cube/stm32cubeide_1.3.0/stm32cubeide/plugins/com.st.stm32cube.ide.mcu.externaltools.gnu-tools-for-stm32.7-2018-q2-update.win32_1.0.0.201904181610/tools/bin/../lib/gcc/arm-none-eabi/7.3.1/../../../../arm-none-eabi/lib/thumb/v7e-m/fpv4-sp/hard\libc_nano.a(lib_a-malloc.o)
                              Middlewares/ST/STM32_USB_Device_Library/Class/CustomHID/Src/usbd_customhid.o (malloc)
c:/program files/stmicroelectronics/stm32cube/stm32cubeide_1.3.0/stm32cubeide/plugins/com.st.stm32cube.ide.mcu.externaltools.gnu-tools-for-stm32.7-2018-q2-update.win32_1.0.0.201904181610/tools/bin/../lib/gcc/arm-none-eabi/7.3.1/../../../../arm-none-eabi/lib/thumb/v7e-m/fpv4-sp/hard\libc_nano.a(lib_a-memcpy-stub.o)
                              USB_DEVICE/App/usbd_custom_hid_if.o (memcpy)
c:/program files/stmicroelectronics/stm32cube/stm32cubeide_1.3.0/stm32cubeide/plugins/com.st.stm32cube.ide.mcu.externaltools.gnu-tools-for-stm32.7-2018-q2-update.win32_1.0.0.201904181610/tools/bin/../lib/gcc/arm-none-eabi/7.3.1/../../../../arm-none-eabi/lib/thumb/v7e-m/fpv4-sp/hard\libc_nano.a(lib_a-memset.o)
                              c:/program files/stmicroelectronics/stm32cube/stm32cubeide_1.3.0/stm32cubeide/plugins/com.st.stm32cube.ide.mcu.externaltools.gnu-tools-for-stm32.7-2018-q2-update.win32_1.0.0.201904181610/tools/bin/../lib/gcc/arm-none-eabi/7.3.1/../../../../arm-none-eabi/lib/thumb/v7e-m/fpv4-sp/hard/crt0.o (memset)
c:/program files/stmicroelectronics/stm32cube/stm32cubeide_1.3.0/stm32cubeide/plugins/com.st.stm32cube.ide.mcu.externaltools.gnu-tools-for-stm32.7-2018-q2-update.win32_1.0.0.201904181610/tools/bin/../lib/gcc/arm-none-eabi/7.3.1/../../../../arm-none-eabi/lib/thumb/v7e-m/fpv4-sp/hard\libc_nano.a(lib_a-nano-freer.o)
                              c:/program files/stmicroelectronics/stm32cube/stm32cubeide_1.3.0/stm32cubeide/plugins/com.st.stm32cube.ide.mcu.externaltools.gnu-tools-for-stm32.7-2018-q2-update.win32_1.0.0.201904181610/tools/bin/../lib/gcc/arm-none-eabi/7.3.1/../../../../arm-none-eabi/lib/thumb/v7e-m/fpv4-sp/hard\libc_nano.a(lib_a-malloc.o) (_free_r)
c:/program files/stmicroelectronics/stm32cube/stm32cubeide_1.3.0/stm32cubeide/plugins/com.st.stm32cube.ide.mcu.externaltools.gnu-tools-for-stm32.7-2018-q2-update.win32_1.0.0.201904181610/tools/bin/../lib/gcc/arm-none-eabi/7.3.1/../../../../arm-none-eabi/lib/thumb/v7e-m/fpv4-sp/hard\libc_nano.a(lib_a-nano-mallocr.o)
[...]
Memory Configuration

Name             Origin             Length             Attributes
CCMRAM           0x0000000010000000 0x0000000000010000 xrw
RAM              0x0000000020000000 0x0000000000020000 xrw
FLASH            0x0000000008000000 0x0000000000080000 xr
*default*        0x0000000000000000 0xffffffffffffffff

Linker script and memory map

LOAD c:/program files/stmicroelectronics/stm32cube/stm32cubeide_1.3.0/stm32cubeide/plugins/com.st.stm32cube.ide.mcu.externaltools.gnu-tools-for-stm32.7-2018-q2-update.win32_1.0.0.201904181610/tools/bin/../lib/gcc/arm-none-eabi/7.3.1/thumb/v7e-m/fpv4-sp/hard/crti.o
LOAD c:/program files/stmicroelectronics/stm32cube/stm32cubeide_1.3.0/stm32cubeide/plugins/com.st.stm32cube.ide.mcu.externaltools.gnu-tools-for-stm32.7-2018-q2-update.win32_1.0.0.201904181610/tools/bin/../lib/gcc/arm-none-eabi/7.3.1/thumb/v7e-m/fpv4-sp/hard/crtbegin.o
LOAD c:/program files/stmicroelectronics/stm32cube/stm32cubeide_1.3.0/stm32cubeide/plugins/com.st.stm32cube.ide.mcu.externaltools.gnu-tools-for-stm32.7-2018-q2-update.win32_1.0.0.201904181610/tools/bin/../lib/gcc/arm-none-eabi/7.3.1/../../../../arm-none-eabi/lib/thumb/v7e-m/fpv4-sp/hard/crt0.o
LOAD Core/Src/encoder.o
LOAD Core/Src/ffb_engine.o
LOAD Core/Src/ffb_report_handler.o
LOAD Core/Src/main.o
LOAD Core/Src/stm32f4xx_hal_msp.o
LOAD Core/Src/stm32f4xx_it.o
LOAD Core/Src/syscalls.o
LOAD Core/Src/sysmem.o
LOAD Core/Src/system_stm32f4xx.o
LOAD Core/Src/utils.o
LOAD Core/Src/wheel_controller.o
LOAD Core/Startup/startup_stm32f407vetx.o
LOAD Drivers/STM32F4xx_HAL_Driver/Src/stm32f4xx_hal.o
LOAD Drivers/STM32F4xx_HAL_Driver/Src/stm32f4xx_hal_cortex.o
LOAD Drivers/STM32F4xx_HAL_Driver/Src/stm32f4xx_hal_dma.o
LOAD Drivers/STM32F4xx_HAL_Driver/Src/stm32f4xx_hal_dma_ex.o
LOAD Drivers/STM32F4xx_HAL_Driver/Src/stm32f4xx_hal_exti.o
LOAD Drivers/STM32F4xx_HAL_Driver/Src/stm32f4xx_hal_flash.o
LOAD Drivers/STM32F4xx_HAL_Driver/Src/stm32f4xx_hal_flash_ex.o
LOAD Drivers/STM32F4xx_HAL_Driver/Src/stm32f4xx_hal_flash_ramfunc.o
LOAD Drivers/STM32F4xx_HAL_Driver/Src/stm32f4xx_hal_gpio.o
LOAD Drivers/STM32F4xx_HAL_Driver/Src/stm32f4xx_hal_pcd.o
LOAD Drivers/STM32F4xx_HAL_Driver/Src/stm32f4xx_hal_pcd_ex.o
LOAD Drivers/STM32F4xx_HAL_Driver/Src/stm32f4xx_hal_pwr.o
LOAD Drivers/STM32F4xx_HAL_Driver/Src/stm32f4xx_hal_pwr_ex.o
LOAD Drivers/STM32F4xx_HAL_Driver/Src/stm32f4xx_hal_rcc.o
LOAD Drivers/STM32F4xx_HAL_Driver/Src/stm32f4xx_hal_rcc_ex.o
LOAD Drivers/STM32F4xx_HAL_Driver/Src/stm32f4xx_hal_tim.o
LOAD Drivers/STM32F4xx_HAL_Driver/Src/stm32f4xx_hal_tim_ex.o
LOAD Drivers/STM32F4xx_HAL_Driver/Src/stm32f4xx_ll_usb.o
LOAD Middlewares/ST/STM32_USB_Device_Library/Class/CustomHID/Src/usbd_customhid.o
LOAD Middlewares/ST/STM32_USB_Device_Library/Core/Src/usbd_core.o
LOAD Middlewares/ST/STM32_USB_Device_Library/Core/Src/usbd_ctlreq.o
LOAD Middlewares/ST/STM32_USB_Device_Library/Core/Src/usbd_ioreq.o
LOAD USB_DEVICE/App/usb_device.o
LOAD USB_DEVICE/App/usbd_custom_hid_if.o
LOAD USB_DEVICE/App/usbd_desc.o
LOAD USB_DEVICE/Target/usbd_conf.o
START GROUP
LOAD c:/program files/stmicroelectronics/stm32cube/stm32cubeide_1.3.0/stm32cubeide/plugins/com.st.stm32cube.ide.mcu.externaltools.gnu-tools-for-stm32.7-2018-q2-update.win32_1.0.0.201904181610/tools/bin/../lib/gcc/arm-none-eabi/7.3.1/../../../../arm-none-eabi/lib/thumb/v7e-m/fpv4-sp/hard\libstdc++_nano.a
LOAD c:/program files/stmicroelectronics/stm32cube/stm32cubeide_1.3.0/stm32cubeide/plugins/com.st.stm32cube.ide.mcu.externaltools.gnu-tools-for-stm32.7-2018-q2-update.win32_1.0.0.201904181610/tools/bin/../lib/gcc/arm-none-eabi/7.3.1/../../../../arm-none-eabi/lib/thumb/v7e-m/fpv4-sp/hard\libsupc++_nano.a
END GROUP
LOAD c:/program files/stmicroelectronics/stm32cube/stm32cubeide_1.3.0/stm32cubeide/plugins/com.st.stm32cube.ide.mcu.externaltools.gnu-tools-for-stm32.7-2018-q2-update.win32_1.0.0.201904181610/tools/bin/../lib/gcc/arm-none-eabi/7.3.1/../../../../arm-none-eabi/lib/thumb/v7e-m/fpv4-sp/hard\libstdc++_nano.a
LOAD c:/program files/stmicroelectronics/stm32cube/stm32cubeide_1.3.0/stm32cubeide/plugins/com.st.stm32cube.ide.mcu.externaltools.gnu-tools-for-stm32.7-2018-q2-update.win32_1.0.0.201904181610/tools/bin/../lib/gcc/arm-none-eabi/7.3.1/../../../../arm-none-eabi/lib/thumb/v7e-m/fpv4-sp/hard\libm.a
LOAD c:/program files/stmicroelectronics/stm32cube/stm32cubeide_1.3.0/stm32cubeide/plugins/com.st.stm32cube.ide.mcu.externaltools.gnu-tools-for-stm32.7-2018-q2-update.win32_1.0.0.201904181610/tools/bin/../lib/gcc/arm-none-eabi/7.3.1/../../../../arm-none-eabi/lib/thumb/v7e-m/fpv4-sp/hard\libc_nano.a
START GROUP
LOAD c:/program files/stmicroelectronics/stm32cube/stm32cubeide_1.3.0/stm32cubeide/plugins/com.st.stm32cube.ide.mcu.externaltools.gnu-tools-for-stm32.7-2018-q2-update.win32_1.0.0.201904181610/tools/bin/../lib/gcc/arm-none-eabi/7.3.1/thumb/v7e-m/fpv4-sp/hard\libgcc.a
LOAD c:/program files/stmicroelectronics/stm32cube/stm32cubeide_1.3.0/stm32cubeide/plugins/com.st.stm32cube.ide.mcu.externaltools.gnu-tools-for-stm32.7-2018-q2-update.win32_1.0.0.201904181610/tools/bin/../lib/gcc/arm-none-eabi/7.3.1/../../../../arm-none-eabi/lib/thumb/v7e-m/fpv4-sp/hard\libc_nano.a
END GROUP
START GROUP
LOAD c:/program files/stmicroelectronics/stm32cube/stm32cubeide_1.3.0/stm32cubeide/plugins/com.st.stm32cube.ide.mcu.externaltools.gnu-tools-for-stm32.7-2018-q2-update.win32_1.0.0.201904181610/tools/bin/../lib/gcc/arm-none-eabi/7.3.1/thumb/v7e-m/fpv4-sp/hard\libgcc.a
LOAD c:/program files/stmicroelectronics/stm32cube/stm32cubeide_1.3.0/stm32cubeide/plugins/com.st.stm32cube.ide.mcu.externaltools.gnu-tools-for-stm32.7-2018-q2-update.win32_1.0.0.201904181610/tools/bin/../lib/gcc/arm-none-eabi/7.3.1/../../../../arm-none-eabi/lib/thumb/v7e-m/fpv4-sp/hard\libc_nano.a
END GROUP
LOAD c:/program files/stmicroelectronics/stm32cube/stm32cubeide_1.3.0/stm32cubeide/plugins/com.st.stm32cube.ide.mcu.externaltools.gnu-tools-for-stm32.7-2018-q2-update.win32_1.0.0.201904181610/tools/bin/../lib/gcc/arm-none-eabi/7.3.1/thumb/v7e-m/fpv4-sp/hard/crtend.o
LOAD c:/program files/stmicroelectronics/stm32cube/stm32cubeide_1.3.0/stm32cubeide/plugins/com.st.stm32cube.ide.mcu.externaltools.gnu-tools-for-stm32.7-2018-q2-update.win32_1.0.0.201904181610/tools/bin/../lib/gcc/arm-none-eabi/7.3.1/thumb/v7e-m/fpv4-sp/hard/crtn.o
                0x0000000020020000                _estack = (ORIGIN (RAM) + LENGTH (RAM))
                0x0000000000000200                _Min_Heap_Size = 0x200
                0x0000000000000400                _Min_Stack_Size = 0x400

.isr_vector     0x0000000008000000      0x188
                0x0000000008000000                . = ALIGN (0x4)
 *(.isr_vector)
 .isr_vector    0x0000000008000000      0x188 Core/Startup/startup_stm32f407vetx.o
                0x0000000008000000                g_pfnVectors
                0x0000000008000188                . = ALIGN (0x4)

.text           0x0000000008000188     0x8438
                0x0000000008000188                . = ALIGN (0x4)
 *(.text)
 .text          0x0000000008000188       0x40 c:/program files/stmicroelectronics/stm32cube/stm32cubeide_1.3.0/stm32cubeide/plugins/com.st.stm32cube.ide.mcu.externaltools.gnu-tools-for-stm32.7-2018-q2-update.win32_1.0.0.201904181610/tools/bin/../lib/gcc/arm-none-eabi/7.3.1/thumb/v7e-m/fpv4-sp/hard/crtbegin.o
 .text          0x00000000080001c8      0x378 c:/program files/stmicroelectronics/stm32cube/stm32cubeide_1.3.0/stm32cubeide/plugins/com.st.stm32cube.ide.mcu.externaltools.gnu-tools-for-stm32.7-2018-q2-update.win32_1.0.0.201904181610/tools/bin/../lib/gcc/arm-none-eabi/7.3.1/thumb/v7e-m/fpv4-sp/hard\libgcc.a(_arm_addsubdf3.o)
                0x00000000080001c8                __aeabi_drsub
                0x00000000080001d0                __aeabi_dsub
                0x00000000080001d0                __subdf3
                0x00000000080001d4                __aeabi_dadd
                0x00000000080001d4                __adddf3
                0x000000000800044c                __floatunsidf
                0x000000000800044c                __aeabi_ui2d
                0x000000000800046c                __floatsidf
                0x000000000800046c                __aeabi_i2d
                0x0000000008000490                __aeabi_f2d
                0x0000000008000490                __extendsfdf2
                0x00000000080004d4                __floatundidf
                0x00000000080004d4                __aeabi_ul2d
                0x00000000080004e4                __floatdidf
                0x00000000080004e4                __aeabi_l2d
 .text          0x0000000008000540      0x424 c:/program files/stmicroelectronics/stm32cube/stm32cubeide_1.3.0/stm32cubeide/plugins/com.st.stm32cube.ide.mcu.externaltools.gnu-tools-for-stm32.7-2018-q2-update.win32_1.0.0.201904181610/tools/bin/../lib/gcc/arm-none-eabi/7.3.1/thumb/v7e-m/fpv4-sp/hard\libgcc.a(_arm_muldivdf3.o)
                0x0000000008000540                __aeabi_dmul
                0x0000000008000540                __muldf3
                0x0000000008000794                __divdf3
                0x0000000008000794                __aeabi_ddiv
 .text          0x0000000008000964       0x50 c:/program files/stmicroelectronics/stm32cube/stm32cubeide_1.3.0/stm32cubeide/plugins/com.st.stm32cube.ide.mcu.externaltools.gnu-tools-for-stm32.7-2018-q2-update.win32_1.0.0.201904181610/tools/bin/../lib/gcc/arm-none-eabi/7.3.1/thumb/v7e-m/fpv4-sp/hard\libgcc.a(_arm_fixdfsi.o)
                0x0000000008000964                __aeabi_d2iz
                0x0000000008000964                __fixdfsi
 .text          0x00000000080009b4       0x30 c:/program files/stmicroelectronics/stm32cube/stm32cubeide_1.3.0/stm32cubeide/plugins/com.st.stm32cube.ide.mcu.externaltools.gnu-tools-for-stm32.7-2018-q2-update.win32_1.0.0.201904181610/tools/bin/../lib/gcc/arm-none-eabi/7.3.1/thumb/v7e-m/fpv4-sp/hard\libgcc.a(_aeabi_uldivmod.o)
                0x00000000080009b4                __aeabi_uldivmod
 .text          0x00000000080009e4      0x2cc c:/program files/stmicroelectronics/stm32cube/stm32cubeide_1.3.0/stm32cubeide/plugins/com.st.stm32cube.ide.mcu.externaltools.gnu-tools-for-stm32.7-2018-q2-update.win32_1.0.0.201904181610/tools/bin/../lib/gcc/arm-none-eabi/7.3.1/thumb/v7e-m/fpv4-sp/hard\libgcc.a(_udivmoddi4.o)
                0x00000000080009e4                __udivmoddi4
 .text          0x0000000008000cb0        0x4 c:/program files/stmicroelectronics/stm32cube/stm32cubeide_1.3.0/stm32cubeide/plugins/com.st.stm32cube.ide.mcu.externaltools.gnu-tools-for-stm32.7-2018-q2-update.win32_1.0.0.201904181610/tools/bin/../lib/gcc/arm-none-eabi/7.3.1/thumb/v7e-m/fpv4-sp/hard\libgcc.a(_dvmd_tls.o)
                0x0000000008000cb0                __aeabi_idiv0
                0x0000000008000cb0                __aeabi_ldiv0
 *(.text*)
 .text._ZN7EncoderC2Ev
                0x0000000008000cb4       0x1c Core/Src/encoder.o
                0x0000000008000cb4                Encoder::Encoder()
                0x0000000008000cb4                Encoder::Encoder()
 .text._ZN7EncoderD2Ev
                0x0000000008000cd0       0x16 Core/Src/encoder.o
                0x0000000008000cd0                Encoder::~Encoder()
                0x0000000008000cd0                Encoder::~Encoder()
 *fill*         0x0000000008000ce6        0x2 
 .text._ZN7Encoder12Encoder_InitEv
                0x0000000008000ce8       0x1c Core/Src/encoder.o
                0x0000000008000ce8                Encoder::Encoder_Init()
 .text._ZN7Encoder12Encoder_ReadEv
                0x0000000008000d04       0x28 Core/Src/encoder.o
                0x0000000008000d04                Encoder::Encoder_Read()
 .text._ZN7Encoder18Encoder_Get_StatusEv
                0x0000000008000d2c       0x5c Core/Src/encoder.o
                0x0000000008000d2c                Encoder::Encoder_Get_Status()
 .text._ZN7Encoder6updateEv
                0x0000000008000d88       0x52 Core/Src/encoder.o
                0x0000000008000d88                Encoder::update()
 *fill*         0x0000000008000dda        0x2 
 .text._ZN7Encoder14Encoder_ConfigEv
                0x0000000008000ddc       0x98 Core/Src/encoder.o
                0x0000000008000ddc                Encoder::Encoder_Config()
 .text._ZN16FfbReportHandlerC2Ev
                0x0000000008000e74       0x54 Core/Src/ffb_report_handler.o
                0x0000000008000e74                FfbReportHandler::FfbReportHandler()
                0x0000000008000e74                FfbReportHandler::FfbReportHandler()
 .text._ZN16FfbReportHandlerD2Ev
                0x0000000008000ec8       0x18 Core/Src/ffb_report_handler.o
                0x0000000008000ec8                FfbReportHandler::~FfbReportHandler()
                0x0000000008000ec8                FfbReportHandler::~FfbReportHandler()
 .text._ZN16FfbReportHandler14FreeAllEffectsEv
                0x0000000008000ee0       0x30 Core/Src/ffb_report_handler.o
                0x0000000008000ee0                FfbReportHandler::FreeAllEffects()
 .text._Z41__static_initialization_and_destruction_0ii
                0x0000000008000f10       0x44 Core/Src/ffb_report_handler.o
 .text._GLOBAL__sub_I_ffbReportHandler
                0x0000000008000f54       0x10 Core/Src/ffb_report_handler.o
 .text._GLOBAL__sub_D_ffbReportHandler
                0x0000000008000f64       0x10 Core/Src/ffb_report_handler.o
 .text.main     0x0000000008000f74       0xf4 Core/Src/main.o
                0x0000000008000f74                main
 .text._Z18SystemClock_Configv
                0x0000000008001068       0xe8 Core/Src/main.o
                0x0000000008001068                SystemClock_Config()
 .text._ZL12MX_TIM1_Initv
                0x0000000008001150      0x1c0 Core/Src/main.o
 .text._ZL12MX_TIM2_Initv
                0x0000000008001310       0xb8 Core/Src/main.o
 .text._ZL12MX_GPIO_Initv
                0x00000000080013c8      0x1a4 Core/Src/main.o
 .text.Error_Handler
                0x000000000800156c        0xe Core/Src/main.o
                0x000000000800156c                Error_Handler
 *fill*         0x000000000800157a        0x2 
 .text._Z41__static_initialization_and_destruction_0ii
                0x000000000800157c       0x54 Core/Src/main.o
 .text._GLOBAL__sub_I_htim1
                0x00000000080015d0       0x10 Core/Src/main.o
 .text._GLOBAL__sub_D_htim1
                0x00000000080015e0       0x10 Core/Src/main.o
 .text.HAL_MspInit
                0x00000000080015f0       0x50 Core/Src/stm32f4xx_hal_msp.o
                0x00000000080015f0                HAL_MspInit
 .text.HAL_TIM_Base_MspInit
                0x0000000008001640       0x44 Core/Src/stm32f4xx_hal_msp.o
                0x0000000008001640                HAL_TIM_Base_MspInit
 .text.HAL_TIM_Encoder_MspInit
                0x0000000008001684       0x9c Core/Src/stm32f4xx_hal_msp.o
                0x0000000008001684                HAL_TIM_Encoder_MspInit
 .text.HAL_TIM_MspPostInit
                0x0000000008001720       0x74 Core/Src/stm32f4xx_hal_msp.o
                0x0000000008001720                HAL_TIM_MspPostInit
 .text.NMI_Handler
                0x0000000008001794        0xe Core/Src/stm32f4xx_it.o
                0x0000000008001794                NMI_Handler
 .text.HardFault_Handler
                0x00000000080017a2        0x6 Core/Src/stm32f4xx_it.o
                0x00000000080017a2                HardFault_Handler
 .text.MemManage_Handler
                0x00000000080017a8        0x6 Core/Src/stm32f4xx_it.o
                0x00000000080017a8                MemManage_Handler
 .text.BusFault_Handler
                0x00000000080017ae        0x6 Core/Src/stm32f4xx_it.o
                0x00000000080017ae                BusFault_Handler
 .text.UsageFault_Handler
                0x00000000080017b4        0x6 Core/Src/stm32f4xx_it.o
                0x00000000080017b4                UsageFault_Handler
 .text.SVC_Handler
                0x00000000080017ba        0xe Core/Src/stm32f4xx_it.o
                0x00000000080017ba                SVC_Handler
 .text.DebugMon_Handler
                0x00000000080017c8        0xe Core/Src/stm32f4xx_it.o
                0x00000000080017c8                DebugMon_Handler
 .text.PendSV_Handler
                0x00000000080017d6        0xe Core/Src/stm32f4xx_it.o
                0x00000000080017d6                PendSV_Handler
 .text.SysTick_Handler
                0x00000000080017e4        0xc Core/Src/stm32f4xx_it.o
                0x00000000080017e4                SysTick_Handler
 .text.TIM2_IRQHandler
                0x00000000080017f0       0x14 Core/Src/stm32f4xx_it.o
                0x00000000080017f0                TIM2_IRQHandler
 .text.OTG_FS_IRQHandler
                0x0000000008001804       0x14 Core/Src/stm32f4xx_it.o
                0x0000000008001804                OTG_FS_IRQHandler
 .text._sbrk    0x0000000008001818       0x58 Core/Src/sysmem.o
                0x0000000008001818                _sbrk
 .text.SystemInit
                0x0000000008001870       0x2c Core/Src/system_stm32f4xx.o
                0x0000000008001870                SystemInit
 .text.mapInt   0x000000000800189c       0x86 Core/Src/utils.o
                0x000000000800189c                mapInt
 .text._ZN15WheelControllerC2Ev
                0x0000000008001922       0x16 Core/Src/wheel_controller.o
                0x0000000008001922                WheelController::WheelController()
                0x0000000008001922                WheelController::WheelController()
 .text._ZN15WheelControllerD2Ev
                0x0000000008001938       0x16 Core/Src/wheel_controller.o
                0x0000000008001938                WheelController::~WheelController()
                0x0000000008001938                WheelController::~WheelController()
 .text._ZN15WheelController5beginEv
                0x000000000800194e       0x1a Core/Src/wheel_controller.o
                0x000000000800194e                WheelController::begin()
 .text._ZN15WheelController3endEv
                0x0000000008001968       0x22 Core/Src/wheel_controller.o
                0x0000000008001968                WheelController::end()
 .text._ZN15WheelController4setXEs
                0x000000000800198a       0x1e Core/Src/wheel_controller.o
                0x000000000800198a                WheelController::setX(short)
 .text._ZN15WheelController5pressEt
                0x00000000080019a8       0x40 Core/Src/wheel_controller.o
                0x00000000080019a8                WheelController::press(unsigned short)
 .text._ZN15WheelController6updateEv
                0x00000000080019e8      0x198 Core/Src/wheel_controller.o
                0x00000000080019e8                WheelController::update()
 .text.Reset_Handler
                0x0000000008001b80       0x50 Core/Startup/startup_stm32f407vetx.o
                0x0000000008001b80                Reset_Handler
 .text.Default_Handler
                0x0000000008001bd0        0x2 Core/Startup/startup_stm32f407vetx.o
                0x0000000008001bd0                RTC_Alarm_IRQHandler
                0x0000000008001bd0                HASH_RNG_IRQHandler
                0x0000000008001bd0                EXTI2_IRQHandler
                0x0000000008001bd0                TIM8_CC_IRQHandler
                0x0000000008001bd0                TIM1_CC_IRQHandler
                0x0000000008001bd0                DMA2_Stream5_IRQHandler
                0x0000000008001bd0                DMA1_Stream5_IRQHandler
                0x0000000008001bd0                PVD_IRQHandler
                0x0000000008001bd0                SDIO_IRQHandler
                0x0000000008001bd0                TAMP_STAMP_IRQHandler
                0x0000000008001bd0                CAN2_RX1_IRQHandler
                0x0000000008001bd0                EXTI3_IRQHandler
                0x0000000008001bd0                TIM8_TRG_COM_TIM14_IRQHandler
                0x0000000008001bd0                TIM1_UP_TIM10_IRQHandler
                0x0000000008001bd0                TIM8_UP_TIM13_IRQHandler
                0x0000000008001bd0                I2C3_ER_IRQHandler
                0x0000000008001bd0                EXTI0_IRQHandler
                0x0000000008001bd0                I2C2_EV_IRQHandler
                0x0000000008001bd0                DMA1_Stream2_IRQHandler
                0x0000000008001bd0                CAN1_RX0_IRQHandler
                0x0000000008001bd0                FPU_IRQHandler
                0x0000000008001bd0                OTG_HS_WKUP_IRQHandler
                0x0000000008001bd0                CAN2_SCE_IRQHandler
                0x0000000008001bd0                DMA2_Stream2_IRQHandler
                0x0000000008001bd0                SPI1_IRQHandler
                0x0000000008001bd0                TIM6_DAC_IRQHandler
                0x0000000008001bd0                TIM1_BRK_TIM9_IRQHandler
                0x0000000008001bd0                DCMI_IRQHandler
                0x0000000008001bd0                CAN2_RX0_IRQHandler
                0x0000000008001bd0                DMA2_Stream3_IRQHandler
                0x0000000008001bd0                USART6_IRQHandler
                0x0000000008001bd0                USART3_IRQHandler
                0x0000000008001bd0                CAN1_RX1_IRQHandler
                0x0000000008001bd0                UART5_IRQHandler
                0x0000000008001bd0                DMA2_Stream0_IRQHandler
                0x0000000008001bd0                TIM4_IRQHandler
                0x0000000008001bd0                I2C1_EV_IRQHandler
                0x0000000008001bd0                DMA1_Stream6_IRQHandler
                0x0000000008001bd0                DMA1_Stream1_IRQHandler
                0x0000000008001bd0                UART4_IRQHandler
                0x0000000008001bd0                TIM3_IRQHandler
                0x0000000008001bd0                RCC_IRQHandler
                0x0000000008001bd0                TIM8_BRK_TIM12_IRQHandler
                0x0000000008001bd0                Default_Handler
                0x0000000008001bd0                EXTI15_10_IRQHandler
                0x0000000008001bd0                ADC_IRQHandler
                0x0000000008001bd0                DMA1_Stream7_IRQHandler
                0x0000000008001bd0                TIM7_IRQHandler
                0x0000000008001bd0                CAN2_TX_IRQHandler
                0x0000000008001bd0                TIM5_IRQHandler
                0x0000000008001bd0                DMA2_Stream7_IRQHandler
                0x0000000008001bd0                I2C3_EV_IRQHandler
                0x0000000008001bd0                EXTI9_5_IRQHandler
                0x0000000008001bd0                RTC_WKUP_IRQHandler
                0x0000000008001bd0                ETH_WKUP_IRQHandler
                0x0000000008001bd0                SPI2_IRQHandler
                0x0000000008001bd0                OTG_HS_EP1_IN_IRQHandler
                0x0000000008001bd0                DMA1_Stream0_IRQHandler
                0x0000000008001bd0                CAN1_TX_IRQHandler
                0x0000000008001bd0                EXTI4_IRQHandler
                0x0000000008001bd0                FSMC_IRQHandler
                0x0000000008001bd0                ETH_IRQHandler
                0x0000000008001bd0                OTG_HS_EP1_OUT_IRQHandler
                0x0000000008001bd0                WWDG_IRQHandler
                0x0000000008001bd0                OTG_FS_WKUP_IRQHandler
                0x0000000008001bd0                TIM1_TRG_COM_TIM11_IRQHandler
                0x0000000008001bd0                OTG_HS_IRQHandler
                0x0000000008001bd0                EXTI1_IRQHandler
                0x0000000008001bd0                USART2_IRQHandler
                0x0000000008001bd0                I2C2_ER_IRQHandler
                0x0000000008001bd0                DMA2_Stream1_IRQHandler
                0x0000000008001bd0                CAN1_SCE_IRQHandler
                0x0000000008001bd0                FLASH_IRQHandler
                0x0000000008001bd0                DMA2_Stream4_IRQHandler
                0x0000000008001bd0                USART1_IRQHandler
                0x0000000008001bd0                SPI3_IRQHandler
                0x0000000008001bd0                DMA1_Stream4_IRQHandler
                0x0000000008001bd0                I2C1_ER_IRQHandler
                0x0000000008001bd0                DMA2_Stream6_IRQHandler
                0x0000000008001bd0                DMA1_Stream3_IRQHandler
 *fill*         0x0000000008001bd2        0x2 
 .text.HAL_Init
                0x0000000008001bd4       0x44 Drivers/STM32F4xx_HAL_Driver/Src/stm32f4xx_hal.o
                0x0000000008001bd4                HAL_Init
 .text.HAL_InitTick
                0x0000000008001c18       0x60 Drivers/STM32F4xx_HAL_Driver/Src/stm32f4xx_hal.o
                0x0000000008001c18                HAL_InitTick
 .text.HAL_IncTick
                0x0000000008001c78       0x28 Drivers/STM32F4xx_HAL_Driver/Src/stm32f4xx_hal.o
                0x0000000008001c78                HAL_IncTick
 .text.HAL_GetTick
                0x0000000008001ca0       0x18 Drivers/STM32F4xx_HAL_Driver/Src/stm32f4xx_hal.o
                0x0000000008001ca0                HAL_GetTick
 .text.HAL_Delay
                0x0000000008001cb8       0x44 Drivers/STM32F4xx_HAL_Driver/Src/stm32f4xx_hal.o
                0x0000000008001cb8                HAL_Delay
 .text.__NVIC_SetPriorityGrouping
                0x0000000008001cfc       0x48 Drivers/STM32F4xx_HAL_Driver/Src/stm32f4xx_hal_cortex.o
 .text.__NVIC_GetPriorityGrouping
                0x0000000008001d44       0x1c Drivers/STM32F4xx_HAL_Driver/Src/stm32f4xx_hal_cortex.o
 .text.__NVIC_EnableIRQ
                0x0000000008001d60       0x3c Drivers/STM32F4xx_HAL_Driver/Src/stm32f4xx_hal_cortex.o
 .text.__NVIC_SetPriority
                0x0000000008001d9c       0x54 Drivers/STM32F4xx_HAL_Driver/Src/stm32f4xx_hal_cortex.o
 .text.NVIC_EncodePriority
                0x0000000008001df0       0x66 Drivers/STM32F4xx_HAL_Driver/Src/stm32f4xx_hal_cortex.o
 *fill*         0x0000000008001e56        0x2 
 .text.SysTick_Config
                0x0000000008001e58       0x44 Drivers/STM32F4xx_HAL_Driver/Src/stm32f4xx_hal_cortex.o
 .text.HAL_NVIC_SetPriorityGrouping
                0x0000000008001e9c       0x16 Drivers/STM32F4xx_HAL_Driver/Src/stm32f4xx_hal_cortex.o
                0x0000000008001e9c                HAL_NVIC_SetPriorityGrouping
 .text.HAL_NVIC_SetPriority
                0x0000000008001eb2       0x38 Drivers/STM32F4xx_HAL_Driver/Src/stm32f4xx_hal_cortex.o
                0x0000000008001eb2                HAL_NVIC_SetPriority
 .text.HAL_NVIC_EnableIRQ
                0x0000000008001eea       0x1c Drivers/STM32F4xx_HAL_Driver/Src/stm32f4xx_hal_cortex.o
                0x0000000008001eea                HAL_NVIC_EnableIRQ
 .text.HAL_SYSTICK_Config
                0x0000000008001f06       0x18 Drivers/STM32F4xx_HAL_Driver/Src/stm32f4xx_hal_cortex.o
                0x0000000008001f06                HAL_SYSTICK_Config
 *fill*         0x0000000008001f1e        0x2 
 .text.HAL_GPIO_Init
                0x0000000008001f20      0x334 Drivers/STM32F4xx_HAL_Driver/Src/stm32f4xx_hal_gpio.o
                0x0000000008001f20                HAL_GPIO_Init
 .text.HAL_GPIO_WritePin
                0x0000000008002254       0x32 Drivers/STM32F4xx_HAL_Driver/Src/stm32f4xx_hal_gpio.o
                0x0000000008002254                HAL_GPIO_WritePin
 .text.HAL_PCD_Init
                0x0000000008002286      0x23a Drivers/STM32F4xx_HAL_Driver/Src/stm32f4xx_hal_pcd.o
                0x0000000008002286                HAL_PCD_Init
 .text.HAL_PCD_Start
                0x00000000080024c0       0x66 Drivers/STM32F4xx_HAL_Driver/Src/stm32f4xx_hal_pcd.o
                0x00000000080024c0                HAL_PCD_Start
 .text.HAL_PCD_IRQHandler
                0x0000000008002526      0x764 Drivers/STM32F4xx_HAL_Driver/Src/stm32f4xx_hal_pcd.o
                0x0000000008002526                HAL_PCD_IRQHandler
 .text.HAL_PCD_SetAddress
                0x0000000008002c8a       0x4a Drivers/STM32F4xx_HAL_Driver/Src/stm32f4xx_hal_pcd.o
                0x0000000008002c8a                HAL_PCD_SetAddress
 .text.HAL_PCD_EP_Open
                0x0000000008002cd4       0xd0 Drivers/STM32F4xx_HAL_Driver/Src/stm32f4xx_hal_pcd.o
                0x0000000008002cd4                HAL_PCD_EP_Open
 .text.HAL_PCD_EP_Close
                0x0000000008002da4       0x94 Drivers/STM32F4xx_HAL_Driver/Src/stm32f4xx_hal_pcd.o
                0x0000000008002da4                HAL_PCD_EP_Close
 .text.HAL_PCD_EP_Receive
                0x0000000008002e38       0x96 Drivers/STM32F4xx_HAL_Driver/Src/stm32f4xx_hal_pcd.o
                0x0000000008002e38                HAL_PCD_EP_Receive
 .text.HAL_PCD_EP_Transmit
                0x0000000008002ece       0x94 Drivers/STM32F4xx_HAL_Driver/Src/stm32f4xx_hal_pcd.o
                0x0000000008002ece                HAL_PCD_EP_Transmit
 .text.HAL_PCD_EP_SetStall
                0x0000000008002f62       0xc8 Drivers/STM32F4xx_HAL_Driver/Src/stm32f4xx_hal_pcd.o
                0x0000000008002f62                HAL_PCD_EP_SetStall
 .text.HAL_PCD_EP_ClrStall
                0x000000000800302a       0xac Drivers/STM32F4xx_HAL_Driver/Src/stm32f4xx_hal_pcd.o
                0x000000000800302a                HAL_PCD_EP_ClrStall
 .text.PCD_WriteEmptyTxFifo
                0x00000000080030d6      0x11a Drivers/STM32F4xx_HAL_Driver/Src/stm32f4xx_hal_pcd.o
 .text.PCD_EP_OutXfrComplete_int
                0x00000000080031f0      0x218 Drivers/STM32F4xx_HAL_Driver/Src/stm32f4xx_hal_pcd.o
 .text.PCD_EP_OutSetupPacket_int
                0x0000000008003408       0x8c Drivers/STM32F4xx_HAL_Driver/Src/stm32f4xx_hal_pcd.o
 .text.HAL_PCDEx_SetTxFiFo
                0x0000000008003494       0x8e Drivers/STM32F4xx_HAL_Driver/Src/stm32f4xx_hal_pcd_ex.o
                0x0000000008003494                HAL_PCDEx_SetTxFiFo
 .text.HAL_PCDEx_SetRxFiFo
                0x0000000008003522       0x22 Drivers/STM32F4xx_HAL_Driver/Src/stm32f4xx_hal_pcd_ex.o
                0x0000000008003522                HAL_PCDEx_SetRxFiFo
 .text.HAL_PCDEx_LPM_Callback
                0x0000000008003544       0x18 Drivers/STM32F4xx_HAL_Driver/Src/stm32f4xx_hal_pcd_ex.o
                0x0000000008003544                HAL_PCDEx_LPM_Callback
 .text.HAL_RCC_OscConfig
                0x000000000800355c      0x4e0 Drivers/STM32F4xx_HAL_Driver/Src/stm32f4xx_hal_rcc.o
                0x000000000800355c                HAL_RCC_OscConfig
 .text.HAL_RCC_ClockConfig
                0x0000000008003a3c      0x1cc Drivers/STM32F4xx_HAL_Driver/Src/stm32f4xx_hal_rcc.o
                0x0000000008003a3c                HAL_RCC_ClockConfig
 .text.HAL_RCC_GetSysClockFreq
                0x0000000008003c08      0x1b0 Drivers/STM32F4xx_HAL_Driver/Src/stm32f4xx_hal_rcc.o
                0x0000000008003c08                HAL_RCC_GetSysClockFreq
 .text.HAL_RCC_GetHCLKFreq
                0x0000000008003db8       0x18 Drivers/STM32F4xx_HAL_Driver/Src/stm32f4xx_hal_rcc.o
                0x0000000008003db8                HAL_RCC_GetHCLKFreq
 .text.HAL_TIM_Base_Init
                0x0000000008003dd0       0x56 Drivers/STM32F4xx_HAL_Driver/Src/stm32f4xx_hal_tim.o
                0x0000000008003dd0                HAL_TIM_Base_Init
 .text.HAL_TIM_PWM_Init
                0x0000000008003e26       0x56 Drivers/STM32F4xx_HAL_Driver/Src/stm32f4xx_hal_tim.o
                0x0000000008003e26                HAL_TIM_PWM_Init
 .text.HAL_TIM_PWM_MspInit
                0x0000000008003e7c       0x14 Drivers/STM32F4xx_HAL_Driver/Src/stm32f4xx_hal_tim.o
                0x0000000008003e7c                HAL_TIM_PWM_MspInit
 .text.HAL_TIM_Encoder_Init
                0x0000000008003e90      0x124 Drivers/STM32F4xx_HAL_Driver/Src/stm32f4xx_hal_tim.o
                0x0000000008003e90                HAL_TIM_Encoder_Init
 .text.HAL_TIM_Encoder_Start
                0x0000000008003fb4       0x6e Drivers/STM32F4xx_HAL_Driver/Src/stm32f4xx_hal_tim.o
                0x0000000008003fb4                HAL_TIM_Encoder_Start
 .text.HAL_TIM_IRQHandler
                0x0000000008004022      0x210 Drivers/STM32F4xx_HAL_Driver/Src/stm32f4xx_hal_tim.o
                0x0000000008004022                HAL_TIM_IRQHandler
 *fill*         0x0000000008004232        0x2 
 .text.HAL_TIM_PWM_ConfigChannel
                0x0000000008004234      0x18c Drivers/STM32F4xx_HAL_Driver/Src/stm32f4xx_hal_tim.o
                0x0000000008004234                HAL_TIM_PWM_ConfigChannel
 .text.HAL_TIM_ConfigClockSource
                0x00000000080043c0      0x16e Drivers/STM32F4xx_HAL_Driver/Src/stm32f4xx_hal_tim.o
                0x00000000080043c0                HAL_TIM_ConfigClockSource
 .text.HAL_TIM_PeriodElapsedCallback
                0x000000000800452e       0x14 Drivers/STM32F4xx_HAL_Driver/Src/stm32f4xx_hal_tim.o
                0x000000000800452e                HAL_TIM_PeriodElapsedCallback
 .text.HAL_TIM_OC_DelayElapsedCallback
                0x0000000008004542       0x14 Drivers/STM32F4xx_HAL_Driver/Src/stm32f4xx_hal_tim.o
                0x0000000008004542                HAL_TIM_OC_DelayElapsedCallback
 .text.HAL_TIM_IC_CaptureCallback
                0x0000000008004556       0x14 Drivers/STM32F4xx_HAL_Driver/Src/stm32f4xx_hal_tim.o
                0x0000000008004556                HAL_TIM_IC_CaptureCallback
 .text.HAL_TIM_PWM_PulseFinishedCallback
                0x000000000800456a       0x14 Drivers/STM32F4xx_HAL_Driver/Src/stm32f4xx_hal_tim.o
                0x000000000800456a                HAL_TIM_PWM_PulseFinishedCallback
 .text.HAL_TIM_TriggerCallback
                0x000000000800457e       0x14 Drivers/STM32F4xx_HAL_Driver/Src/stm32f4xx_hal_tim.o
                0x000000000800457e                HAL_TIM_TriggerCallback
 *fill*         0x0000000008004592        0x2 
 .text.TIM_Base_SetConfig
                0x0000000008004594      0x140 Drivers/STM32F4xx_HAL_Driver/Src/stm32f4xx_hal_tim.o
                0x0000000008004594                TIM_Base_SetConfig
 .text.TIM_OC1_SetConfig
                0x00000000080046d4       0xe0 Drivers/STM32F4xx_HAL_Driver/Src/stm32f4xx_hal_tim.o
 .text.TIM_OC2_SetConfig
                0x00000000080047b4       0xec Drivers/STM32F4xx_HAL_Driver/Src/stm32f4xx_hal_tim.o
                0x00000000080047b4                TIM_OC2_SetConfig
 .text.TIM_OC3_SetConfig
                0x00000000080048a0       0xe8 Drivers/STM32F4xx_HAL_Driver/Src/stm32f4xx_hal_tim.o
 .text.TIM_OC4_SetConfig
                0x0000000008004988       0xac Drivers/STM32F4xx_HAL_Driver/Src/stm32f4xx_hal_tim.o
 .text.TIM_TI1_ConfigInputStage
                0x0000000008004a34       0x5e Drivers/STM32F4xx_HAL_Driver/Src/stm32f4xx_hal_tim.o
 .text.TIM_TI2_ConfigInputStage
                0x0000000008004a92       0x60 Drivers/STM32F4xx_HAL_Driver/Src/stm32f4xx_hal_tim.o
 .text.TIM_ITRx_SetConfig
                0x0000000008004af2       0x36 Drivers/STM32F4xx_HAL_Driver/Src/stm32f4xx_hal_tim.o
 .text.TIM_ETR_SetConfig
                0x0000000008004b28       0x40 Drivers/STM32F4xx_HAL_Driver/Src/stm32f4xx_hal_tim.o
                0x0000000008004b28                TIM_ETR_SetConfig
 .text.TIM_CCxChannelCmd
                0x0000000008004b68       0x4a Drivers/STM32F4xx_HAL_Driver/Src/stm32f4xx_hal_tim.o
                0x0000000008004b68                TIM_CCxChannelCmd
 *fill*         0x0000000008004bb2        0x2 
 .text.HAL_TIMEx_MasterConfigSynchronization
                0x0000000008004bb4       0xf8 Drivers/STM32F4xx_HAL_Driver/Src/stm32f4xx_hal_tim_ex.o
                0x0000000008004bb4                HAL_TIMEx_MasterConfigSynchronization
 .text.HAL_TIMEx_ConfigBreakDeadTime
                0x0000000008004cac       0xa4 Drivers/STM32F4xx_HAL_Driver/Src/stm32f4xx_hal_tim_ex.o
                0x0000000008004cac                HAL_TIMEx_ConfigBreakDeadTime
 .text.HAL_TIMEx_CommutCallback
                0x0000000008004d50       0x14 Drivers/STM32F4xx_HAL_Driver/Src/stm32f4xx_hal_tim_ex.o
                0x0000000008004d50                HAL_TIMEx_CommutCallback
 .text.HAL_TIMEx_BreakCallback
                0x0000000008004d64       0x14 Drivers/STM32F4xx_HAL_Driver/Src/stm32f4xx_hal_tim_ex.o
                0x0000000008004d64                HAL_TIMEx_BreakCallback
 .text.USB_CoreInit
                0x0000000008004d78       0xc2 Drivers/STM32F4xx_HAL_Driver/Src/stm32f4xx_ll_usb.o
                0x0000000008004d78                USB_CoreInit
 *fill*         0x0000000008004e3a        0x2 
 .text.USB_SetTurnaroundTime
                0x0000000008004e3c      0x144 Drivers/STM32F4xx_HAL_Driver/Src/stm32f4xx_ll_usb.o
                0x0000000008004e3c                USB_SetTurnaroundTime
 .text.USB_EnableGlobalInt
                0x0000000008004f80       0x22 Drivers/STM32F4xx_HAL_Driver/Src/stm32f4xx_ll_usb.o
                0x0000000008004f80                USB_EnableGlobalInt
 .text.USB_DisableGlobalInt
                0x0000000008004fa2       0x22 Drivers/STM32F4xx_HAL_Driver/Src/stm32f4xx_ll_usb.o
                0x0000000008004fa2                USB_DisableGlobalInt
 .text.USB_SetCurrentMode
                0x0000000008004fc4       0x54 Drivers/STM32F4xx_HAL_Driver/Src/stm32f4xx_ll_usb.o
                0x0000000008004fc4                USB_SetCurrentMode
 .text.USB_DevInit
                0x0000000008005018      0x2c8 Drivers/STM32F4xx_HAL_Driver/Src/stm32f4xx_ll_usb.o
                0x0000000008005018                USB_DevInit
 .text.USB_FlushTxFifo
                0x00000000080052e0       0x4c Drivers/STM32F4xx_HAL_Driver/Src/stm32f4xx_ll_usb.o
                0x00000000080052e0                USB_FlushTxFifo
 .text.USB_FlushRxFifo
                0x000000000800532c       0x44 Drivers/STM32F4xx_HAL_Driver/Src/stm32f4xx_ll_usb.o
                0x000000000800532c                USB_FlushRxFifo
 .text.USB_SetDevSpeed
                0x0000000008005370       0x32 Drivers/STM32F4xx_HAL_Driver/Src/stm32f4xx_ll_usb.o
                0x0000000008005370                USB_SetDevSpeed
 .text.USB_GetDevSpeed
                0x00000000080053a2       0x4a Drivers/STM32F4xx_HAL_Driver/Src/stm32f4xx_ll_usb.o
                0x00000000080053a2                USB_GetDevSpeed
 .text.USB_ActivateEndpoint
                0x00000000080053ec      0x10e Drivers/STM32F4xx_HAL_Driver/Src/stm32f4xx_ll_usb.o
                0x00000000080053ec                USB_ActivateEndpoint
 *fill*         0x00000000080054fa        0x2 
 .text.USB_DeactivateEndpoint
                0x00000000080054fc      0x1b8 Drivers/STM32F4xx_HAL_Driver/Src/stm32f4xx_ll_usb.o
                0x00000000080054fc                USB_DeactivateEndpoint
 .text.USB_EPStartXfer
                0x00000000080056b4      0x488 Drivers/STM32F4xx_HAL_Driver/Src/stm32f4xx_ll_usb.o
                0x00000000080056b4                USB_EPStartXfer
 .text.USB_EP0StartXfer
                0x0000000008005b3c      0x2a6 Drivers/STM32F4xx_HAL_Driver/Src/stm32f4xx_ll_usb.o
                0x0000000008005b3c                USB_EP0StartXfer
 .text.USB_WritePacket
                0x0000000008005de2       0x6a Drivers/STM32F4xx_HAL_Driver/Src/stm32f4xx_ll_usb.o
                0x0000000008005de2                USB_WritePacket
 .text.USB_ReadPacket
                0x0000000008005e4c       0x52 Drivers/STM32F4xx_HAL_Driver/Src/stm32f4xx_ll_usb.o
                0x0000000008005e4c                USB_ReadPacket
 .text.USB_EPSetStall
                0x0000000008005e9e       0xdc Drivers/STM32F4xx_HAL_Driver/Src/stm32f4xx_ll_usb.o
                0x0000000008005e9e                USB_EPSetStall
 .text.USB_EPClearStall
                0x0000000008005f7a       0xcc Drivers/STM32F4xx_HAL_Driver/Src/stm32f4xx_ll_usb.o
                0x0000000008005f7a                USB_EPClearStall
 .text.USB_SetDevAddress
                0x0000000008006046       0x4c Drivers/STM32F4xx_HAL_Driver/Src/stm32f4xx_ll_usb.o
                0x0000000008006046                USB_SetDevAddress
 .text.USB_DevConnect
                0x0000000008006092       0x30 Drivers/STM32F4xx_HAL_Driver/Src/stm32f4xx_ll_usb.o
                0x0000000008006092                USB_DevConnect
 .text.USB_DevDisconnect
                0x00000000080060c2       0x30 Drivers/STM32F4xx_HAL_Driver/Src/stm32f4xx_ll_usb.o
                0x00000000080060c2                USB_DevDisconnect
 .text.USB_ReadInterrupts
                0x00000000080060f2       0x26 Drivers/STM32F4xx_HAL_Driver/Src/stm32f4xx_ll_usb.o
                0x00000000080060f2                USB_ReadInterrupts
 .text.USB_ReadDevAllOutEpInterrupt
                0x0000000008006118       0x34 Drivers/STM32F4xx_HAL_Driver/Src/stm32f4xx_ll_usb.o
                0x0000000008006118                USB_ReadDevAllOutEpInterrupt
 .text.USB_ReadDevAllInEpInterrupt
                0x000000000800614c       0x34 Drivers/STM32F4xx_HAL_Driver/Src/stm32f4xx_ll_usb.o
                0x000000000800614c                USB_ReadDevAllInEpInterrupt
 .text.USB_ReadDevOutEPInterrupt
                0x0000000008006180       0x3c Drivers/STM32F4xx_HAL_Driver/Src/stm32f4xx_ll_usb.o
                0x0000000008006180                USB_ReadDevOutEPInterrupt
 .text.USB_ReadDevInEPInterrupt
                0x00000000080061bc       0x5c Drivers/STM32F4xx_HAL_Driver/Src/stm32f4xx_ll_usb.o
                0x00000000080061bc                USB_ReadDevInEPInterrupt
 .text.USB_GetMode
                0x0000000008006218       0x1c Drivers/STM32F4xx_HAL_Driver/Src/stm32f4xx_ll_usb.o
                0x0000000008006218                USB_GetMode
 .text.USB_ActivateSetup
                0x0000000008006234       0x46 Drivers/STM32F4xx_HAL_Driver/Src/stm32f4xx_ll_usb.o
                0x0000000008006234                USB_ActivateSetup
 *fill*         0x000000000800627a        0x2 
 .text.USB_EP0_OutStart
                0x000000000800627c       0xbc Drivers/STM32F4xx_HAL_Driver/Src/stm32f4xx_ll_usb.o
                0x000000000800627c                USB_EP0_OutStart
 .text.USB_CoreReset
                0x0000000008006338       0x68 Drivers/STM32F4xx_HAL_Driver/Src/stm32f4xx_ll_usb.o
 .text.USBD_CUSTOM_HID_Init
                0x00000000080063a0       0xa4 Middlewares/ST/STM32_USB_Device_Library/Class/CustomHID/Src/usbd_customhid.o
 .text.USBD_CUSTOM_HID_DeInit
                0x0000000008006444       0x6a Middlewares/ST/STM32_USB_Device_Library/Class/CustomHID/Src/usbd_customhid.o
 *fill*         0x00000000080064ae        0x2 
 .text.USBD_CUSTOM_HID_Setup
                0x00000000080064b0      0x264 Middlewares/ST/STM32_USB_Device_Library/Class/CustomHID/Src/usbd_customhid.o
 .text.USBD_CUSTOM_HID_SendReport
                0x0000000008006714       0x5c Middlewares/ST/STM32_USB_Device_Library/Class/CustomHID/Src/usbd_customhid.o
                0x0000000008006714                USBD_CUSTOM_HID_SendReport
 .text.USBD_CUSTOM_HID_GetFSCfgDesc
                0x0000000008006770       0x20 Middlewares/ST/STM32_USB_Device_Library/Class/CustomHID/Src/usbd_customhid.o
 .text.USBD_CUSTOM_HID_GetHSCfgDesc
                0x0000000008006790       0x20 Middlewares/ST/STM32_USB_Device_Library/Class/CustomHID/Src/usbd_customhid.o
 .text.USBD_CUSTOM_HID_GetOtherSpeedCfgDesc
                0x00000000080067b0       0x20 Middlewares/ST/STM32_USB_Device_Library/Class/CustomHID/Src/usbd_customhid.o
 .text.USBD_CUSTOM_HID_DataIn
                0x00000000080067d0       0x26 Middlewares/ST/STM32_USB_Device_Library/Class/CustomHID/Src/usbd_customhid.o
 .text.USBD_CUSTOM_HID_DataOut
                0x00000000080067f6       0x3a Middlewares/ST/STM32_USB_Device_Library/Class/CustomHID/Src/usbd_customhid.o
 .text.USBD_CUSTOM_HID_ReceivePacket
                0x0000000008006830       0x34 Middlewares/ST/STM32_USB_Device_Library/Class/CustomHID/Src/usbd_customhid.o
                0x0000000008006830                USBD_CUSTOM_HID_ReceivePacket
 .text.USBD_CUSTOM_HID_EP0_RxReady
                0x0000000008006864       0x36 Middlewares/ST/STM32_USB_Device_Library/Class/CustomHID/Src/usbd_customhid.o
 *fill*         0x000000000800689a        0x2 
 .text.USBD_CUSTOM_HID_GetDeviceQualifierDesc
                0x000000000800689c       0x20 Middlewares/ST/STM32_USB_Device_Library/Class/CustomHID/Src/usbd_customhid.o
 .text.USBD_CUSTOM_HID_RegisterInterface
                0x00000000080068bc       0x2a Middlewares/ST/STM32_USB_Device_Library/Class/CustomHID/Src/usbd_customhid.o
                0x00000000080068bc                USBD_CUSTOM_HID_RegisterInterface
 .text.USBD_Init
                0x00000000080068e6       0x6c Middlewares/ST/STM32_USB_Device_Library/Core/Src/usbd_core.o
                0x00000000080068e6                USBD_Init
 .text.USBD_RegisterClass
                0x0000000008006952       0x42 Middlewares/ST/STM32_USB_Device_Library/Core/Src/usbd_core.o
                0x0000000008006952                USBD_RegisterClass
 .text.USBD_Start
                0x0000000008006994       0x18 Middlewares/ST/STM32_USB_Device_Library/Core/Src/usbd_core.o
                0x0000000008006994                USBD_Start
 .text.USBD_RunTestMode
                0x00000000080069ac       0x16 Middlewares/ST/STM32_USB_Device_Library/Core/Src/usbd_core.o
                0x00000000080069ac                USBD_RunTestMode
 .text.USBD_SetClassConfig
                0x00000000080069c2       0x38 Middlewares/ST/STM32_USB_Device_Library/Core/Src/usbd_core.o
                0x00000000080069c2                USBD_SetClassConfig
 .text.USBD_ClrClassConfig
                0x00000000080069fa       0x30 Middlewares/ST/STM32_USB_Device_Library/Core/Src/usbd_core.o
                0x00000000080069fa                USBD_ClrClassConfig
 .text.USBD_LL_SetupStage
                0x0000000008006a2a       0xa6 Middlewares/ST/STM32_USB_Device_Library/Core/Src/usbd_core.o
                0x0000000008006a2a                USBD_LL_SetupStage
 .text.USBD_LL_DataOutStage
                0x0000000008006ad0       0xc6 Middlewares/ST/STM32_USB_Device_Library/Core/Src/usbd_core.o
                0x0000000008006ad0                USBD_LL_DataOutStage
 .text.USBD_LL_DataInStage
                0x0000000008006b96      0x12c Middlewares/ST/STM32_USB_Device_Library/Core/Src/usbd_core.o
                0x0000000008006b96                USBD_LL_DataInStage
 .text.USBD_LL_Reset
                0x0000000008006cc2       0x82 Middlewares/ST/STM32_USB_Device_Library/Core/Src/usbd_core.o
                0x0000000008006cc2                USBD_LL_Reset
 .text.USBD_LL_SetSpeed
                0x0000000008006d44       0x20 Middlewares/ST/STM32_USB_Device_Library/Core/Src/usbd_core.o
                0x0000000008006d44                USBD_LL_SetSpeed
 .text.USBD_LL_Suspend
                0x0000000008006d64       0x2a Middlewares/ST/STM32_USB_Device_Library/Core/Src/usbd_core.o
                0x0000000008006d64                USBD_LL_Suspend
 .text.USBD_LL_Resume
                0x0000000008006d8e       0x2c Middlewares/ST/STM32_USB_Device_Library/Core/Src/usbd_core.o
                0x0000000008006d8e                USBD_LL_Resume
 .text.USBD_LL_SOF
                0x0000000008006dba       0x34 Middlewares/ST/STM32_USB_Device_Library/Core/Src/usbd_core.o
                0x0000000008006dba                USBD_LL_SOF
 .text.USBD_LL_IsoINIncomplete
                0x0000000008006dee       0x1a Middlewares/ST/STM32_USB_Device_Library/Core/Src/usbd_core.o
                0x0000000008006dee                USBD_LL_IsoINIncomplete
 .text.USBD_LL_IsoOUTIncomplete
                0x0000000008006e08       0x1a Middlewares/ST/STM32_USB_Device_Library/Core/Src/usbd_core.o
                0x0000000008006e08                USBD_LL_IsoOUTIncomplete
 .text.USBD_LL_DevConnected
                0x0000000008006e22       0x16 Middlewares/ST/STM32_USB_Device_Library/Core/Src/usbd_core.o
                0x0000000008006e22                USBD_LL_DevConnected
 .text.USBD_LL_DevDisconnected
                0x0000000008006e38       0x38 Middlewares/ST/STM32_USB_Device_Library/Core/Src/usbd_core.o
                0x0000000008006e38                USBD_LL_DevDisconnected
 .text.SWAPBYTE
                0x0000000008006e70       0x3c Middlewares/ST/STM32_USB_Device_Library/Core/Src/usbd_ctlreq.o
 .text.USBD_StdDevReq
                0x0000000008006eac       0xdc Middlewares/ST/STM32_USB_Device_Library/Core/Src/usbd_ctlreq.o
                0x0000000008006eac                USBD_StdDevReq
 .text.USBD_StdItfReq
                0x0000000008006f88       0x8c Middlewares/ST/STM32_USB_Device_Library/Core/Src/usbd_ctlreq.o
                0x0000000008006f88                USBD_StdItfReq
 .text.USBD_StdEPReq
                0x0000000008007014      0x2aa Middlewares/ST/STM32_USB_Device_Library/Core/Src/usbd_ctlreq.o
                0x0000000008007014                USBD_StdEPReq
 *fill*         0x00000000080072be        0x2 
 .text.USBD_GetDescriptor
                0x00000000080072c0      0x2d4 Middlewares/ST/STM32_USB_Device_Library/Core/Src/usbd_ctlreq.o
 .text.USBD_SetAddress
                0x0000000008007594       0x84 Middlewares/ST/STM32_USB_Device_Library/Core/Src/usbd_ctlreq.o
 .text.USBD_SetConfig
                0x0000000008007618      0x148 Middlewares/ST/STM32_USB_Device_Library/Core/Src/usbd_ctlreq.o
 .text.USBD_GetConfig
                0x0000000008007760       0x68 Middlewares/ST/STM32_USB_Device_Library/Core/Src/usbd_ctlreq.o
 .text.USBD_GetStatus
                0x00000000080077c8       0x66 Middlewares/ST/STM32_USB_Device_Library/Core/Src/usbd_ctlreq.o
 .text.USBD_SetFeature
                0x000000000800782e       0x28 Middlewares/ST/STM32_USB_Device_Library/Core/Src/usbd_ctlreq.o
 .text.USBD_ClrFeature
                0x0000000008007856       0x42 Middlewares/ST/STM32_USB_Device_Library/Core/Src/usbd_ctlreq.o
 .text.USBD_ParseSetupRequest
                0x0000000008007898       0x74 Middlewares/ST/STM32_USB_Device_Library/Core/Src/usbd_ctlreq.o
                0x0000000008007898                USBD_ParseSetupRequest
 .text.USBD_CtlError
                0x000000000800790c       0x22 Middlewares/ST/STM32_USB_Device_Library/Core/Src/usbd_ctlreq.o
                0x000000000800790c                USBD_CtlError
 .text.USBD_GetString
                0x000000000800792e       0x8c Middlewares/ST/STM32_USB_Device_Library/Core/Src/usbd_ctlreq.o
                0x000000000800792e                USBD_GetString
 .text.USBD_GetLen
                0x00000000080079ba       0x34 Middlewares/ST/STM32_USB_Device_Library/Core/Src/usbd_ctlreq.o
 .text.USBD_CtlSendData
                0x00000000080079ee       0x36 Middlewares/ST/STM32_USB_Device_Library/Core/Src/usbd_ioreq.o
                0x00000000080079ee                USBD_CtlSendData
 .text.USBD_CtlContinueSendData
                0x0000000008007a24       0x22 Middlewares/ST/STM32_USB_Device_Library/Core/Src/usbd_ioreq.o
                0x0000000008007a24                USBD_CtlContinueSendData
 .text.USBD_CtlPrepareRx
                0x0000000008007a46       0x3a Middlewares/ST/STM32_USB_Device_Library/Core/Src/usbd_ioreq.o
                0x0000000008007a46                USBD_CtlPrepareRx
 .text.USBD_CtlContinueRx
                0x0000000008007a80       0x22 Middlewares/ST/STM32_USB_Device_Library/Core/Src/usbd_ioreq.o
                0x0000000008007a80                USBD_CtlContinueRx
 .text.USBD_CtlSendStatus
                0x0000000008007aa2       0x26 Middlewares/ST/STM32_USB_Device_Library/Core/Src/usbd_ioreq.o
                0x0000000008007aa2                USBD_CtlSendStatus
 .text.USBD_CtlReceiveStatus
                0x0000000008007ac8       0x26 Middlewares/ST/STM32_USB_Device_Library/Core/Src/usbd_ioreq.o
                0x0000000008007ac8                USBD_CtlReceiveStatus
 *fill*         0x0000000008007aee        0x2 
 .text.MX_USB_DEVICE_Init
                0x0000000008007af0       0x60 USB_DEVICE/App/usb_device.o
                0x0000000008007af0                MX_USB_DEVICE_Init
 .text.CUSTOM_HID_Init_FS
                0x0000000008007b50       0x10 USB_DEVICE/App/usbd_custom_hid_if.o
 .text.CUSTOM_HID_DeInit_FS
                0x0000000008007b60       0x10 USB_DEVICE/App/usbd_custom_hid_if.o
 .text.CUSTOM_HID_OutEvent_FS
                0x0000000008007b70       0x38 USB_DEVICE/App/usbd_custom_hid_if.o
 .text.USBD_FS_DeviceDescriptor
                0x0000000008007ba8       0x24 USB_DEVICE/App/usbd_desc.o
                0x0000000008007ba8                USBD_FS_DeviceDescriptor
 .text.USBD_FS_LangIDStrDescriptor
                0x0000000008007bcc       0x24 USB_DEVICE/App/usbd_desc.o
                0x0000000008007bcc                USBD_FS_LangIDStrDescriptor
 .text.USBD_FS_ProductStrDescriptor
                0x0000000008007bf0       0x3c USB_DEVICE/App/usbd_desc.o
                0x0000000008007bf0                USBD_FS_ProductStrDescriptor
 .text.USBD_FS_ManufacturerStrDescriptor
                0x0000000008007c2c       0x28 USB_DEVICE/App/usbd_desc.o
                0x0000000008007c2c                USBD_FS_ManufacturerStrDescriptor
 .text.USBD_FS_SerialStrDescriptor
                0x0000000008007c54       0x24 USB_DEVICE/App/usbd_desc.o
                0x0000000008007c54                USBD_FS_SerialStrDescriptor
 .text.USBD_FS_ConfigStrDescriptor
                0x0000000008007c78       0x3c USB_DEVICE/App/usbd_desc.o
                0x0000000008007c78                USBD_FS_ConfigStrDescriptor
 .text.USBD_FS_InterfaceStrDescriptor
                0x0000000008007cb4       0x3c USB_DEVICE/App/usbd_desc.o
                0x0000000008007cb4                USBD_FS_InterfaceStrDescriptor
 .text.Get_SerialNum
                0x0000000008007cf0       0x58 USB_DEVICE/App/usbd_desc.o
 .text.IntToUnicode
                0x0000000008007d48       0x7c USB_DEVICE/App/usbd_desc.o
 .text.HAL_PCD_MspInit
                0x0000000008007dc4       0xa8 USB_DEVICE/Target/usbd_conf.o
                0x0000000008007dc4                HAL_PCD_MspInit
 .text.HAL_PCD_SetupStageCallback
                0x0000000008007e6c       0x24 USB_DEVICE/Target/usbd_conf.o
                0x0000000008007e6c                HAL_PCD_SetupStageCallback
 .text.HAL_PCD_DataOutStageCallback
                0x0000000008007e90       0x36 USB_DEVICE/Target/usbd_conf.o
                0x0000000008007e90                HAL_PCD_DataOutStageCallback
 .text.HAL_PCD_DataInStageCallback
                0x0000000008007ec6       0x34 USB_DEVICE/Target/usbd_conf.o
                0x0000000008007ec6                HAL_PCD_DataInStageCallback
 .text.HAL_PCD_SOFCallback
                0x0000000008007efa       0x1c USB_DEVICE/Target/usbd_conf.o
                0x0000000008007efa                HAL_PCD_SOFCallback
 .text.HAL_PCD_ResetCallback
                0x0000000008007f16       0x50 USB_DEVICE/Target/usbd_conf.o
                0x0000000008007f16                HAL_PCD_ResetCallback
 *fill*         0x0000000008007f66        0x2 
 .text.HAL_PCD_SuspendCallback
                0x0000000008007f68       0x4c USB_DEVICE/Target/usbd_conf.o
                0x0000000008007f68                HAL_PCD_SuspendCallback
 .text.HAL_PCD_ResumeCallback
                0x0000000008007fb4       0x1c USB_DEVICE/Target/usbd_conf.o
                0x0000000008007fb4                HAL_PCD_ResumeCallback
 .text.HAL_PCD_ISOOUTIncompleteCallback
                0x0000000008007fd0       0x24 USB_DEVICE/Target/usbd_conf.o
                0x0000000008007fd0                HAL_PCD_ISOOUTIncompleteCallback
 .text.HAL_PCD_ISOINIncompleteCallback
                0x0000000008007ff4       0x24 USB_DEVICE/Target/usbd_conf.o
                0x0000000008007ff4                HAL_PCD_ISOINIncompleteCallback
 .text.HAL_PCD_ConnectCallback
                0x0000000008008018       0x1c USB_DEVICE/Target/usbd_conf.o
                0x0000000008008018                HAL_PCD_ConnectCallback
 .text.HAL_PCD_DisconnectCallback
                0x0000000008008034       0x1c USB_DEVICE/Target/usbd_conf.o
                0x0000000008008034                HAL_PCD_DisconnectCallback
 .text.USBD_LL_Init
                0x0000000008008050       0x98 USB_DEVICE/Target/usbd_conf.o
                0x0000000008008050                USBD_LL_Init
 .text.USBD_LL_Start
                0x00000000080080e8       0x36 USB_DEVICE/Target/usbd_conf.o
                0x00000000080080e8                USBD_LL_Start
 .text.USBD_LL_OpenEP
                0x000000000800811e       0x4c USB_DEVICE/Target/usbd_conf.o
                0x000000000800811e                USBD_LL_OpenEP
 .text.USBD_LL_CloseEP
                0x000000000800816a       0x3e USB_DEVICE/Target/usbd_conf.o
                0x000000000800816a                USBD_LL_CloseEP
 .text.USBD_LL_StallEP
                0x00000000080081a8       0x3e USB_DEVICE/Target/usbd_conf.o
                0x00000000080081a8                USBD_LL_StallEP
 .text.USBD_LL_ClearStallEP
                0x00000000080081e6       0x3e USB_DEVICE/Target/usbd_conf.o
                0x00000000080081e6                USBD_LL_ClearStallEP
 .text.USBD_LL_IsStallEP
                0x0000000008008224       0x58 USB_DEVICE/Target/usbd_conf.o
                0x0000000008008224                USBD_LL_IsStallEP
 .text.USBD_LL_SetUSBAddress
                0x000000000800827c       0x3e USB_DEVICE/Target/usbd_conf.o
                0x000000000800827c                USBD_LL_SetUSBAddress
 .text.USBD_LL_Transmit
                0x00000000080082ba       0x42 USB_DEVICE/Target/usbd_conf.o
                0x00000000080082ba                USBD_LL_Transmit
 .text.USBD_LL_PrepareReceive
                0x00000000080082fc       0x42 USB_DEVICE/Target/usbd_conf.o
                0x00000000080082fc                USBD_LL_PrepareReceive
 *fill*         0x000000000800833e        0x2 
 .text.USBD_Get_USB_Status
                0x0000000008008340       0x58 USB_DEVICE/Target/usbd_conf.o
                0x0000000008008340                USBD_Get_USB_Status
 .text.__errno  0x0000000008008398        0xc c:/program files/stmicroelectronics/stm32cube/stm32cubeide_1.3.0/stm32cubeide/plugins/com.st.stm32cube.ide.mcu.externaltools.gnu-tools-for-stm32.7-2018-q2-update.win32_1.0.0.201904181610/tools/bin/../lib/gcc/arm-none-eabi/7.3.1/../../../../arm-none-eabi/lib/thumb/v7e-m/fpv4-sp/hard\libc_nano.a(lib_a-errno.o)
                0x0000000008008398                __errno
 .text.__libc_init_array
                0x00000000080083a4       0x48 c:/program files/stmicroelectronics/stm32cube/stm32cubeide_1.3.0/stm32cubeide/plugins/com.st.stm32cube.ide.mcu.externaltools.gnu-tools-for-stm32.7-2018-q2-update.win32_1.0.0.201904181610/tools/bin/../lib/gcc/arm-none-eabi/7.3.1/../../../../arm-none-eabi/lib/thumb/v7e-m/fpv4-sp/hard\libc_nano.a(lib_a-init.o)
                0x00000000080083a4                __libc_init_array
 .text.malloc   0x00000000080083ec       0x10 c:/program files/stmicroelectronics/stm32cube/stm32cubeide_1.3.0/stm32cubeide/plugins/com.st.stm32cube.ide.mcu.externaltools.gnu-tools-for-stm32.7-2018-q2-update.win32_1.0.0.201904181610/tools/bin/../lib/gcc/arm-none-eabi/7.3.1/../../../../arm-none-eabi/lib/thumb/v7e-m/fpv4-sp/hard\libc_nano.a(lib_a-malloc.o)
                0x00000000080083ec                malloc
 .text.free     0x00000000080083fc       0x10 c:/program files/stmicroelectronics/stm32cube/stm32cubeide_1.3.0/stm32cubeide/plugins/com.st.stm32cube.ide.mcu.externaltools.gnu-tools-for-stm32.7-2018-q2-update.win32_1.0.0.201904181610/tools/bin/../lib/gcc/arm-none-eabi/7.3.1/../../../../arm-none-eabi/lib/thumb/v7e-m/fpv4-sp/hard\libc_nano.a(lib_a-malloc.o)
                0x00000000080083fc                free
 .text.memcpy   0x000000000800840c       0x16 c:/program files/stmicroelectronics/stm32cube/stm32cubeide_1.3.0/stm32cubeide/plugins/com.st.stm32cube.ide.mcu.externaltools.gnu-tools-for-stm32.7-2018-q2-update.win32_1.0.0.201904181610/tools/bin/../lib/gcc/arm-none-eabi/7.3.1/../../../../arm-none-eabi/lib/thumb/v7e-m/fpv4-sp/hard\libc_nano.a(lib_a-memcpy-stub.o)
                0x000000000800840c                memcpy
 .text.memset   0x0000000008008422       0x10 c:/program files/stmicroelectronics/stm32cube/stm32cubeide_1.3.0/stm32cubeide/plugins/com.st.stm32cube.ide.mcu.externaltools.gnu-tools-for-stm32.7-2018-q2-update.win32_1.0.0.201904181610/tools/bin/../lib/gcc/arm-none-eabi/7.3.1/../../../../arm-none-eabi/lib/thumb/v7e-m/fpv4-sp/hard\libc_nano.a(lib_a-memset.o)
                0x0000000008008422                memset
 *fill*         0x0000000008008432        0x2 
 .text._free_r  0x0000000008008434       0x9c c:/program files/stmicroelectronics/stm32cube/stm32cubeide_1.3.0/stm32cubeide/plugins/com.st.stm32cube.ide.mcu.externaltools.gnu-tools-for-stm32.7-2018-q2-update.win32_1.0.0.201904181610/tools/bin/../lib/gcc/arm-none-eabi/7.3.1/../../../../arm-none-eabi/lib/thumb/v7e-m/fpv4-sp/hard\libc_nano.a(lib_a-nano-freer.o)
                0x0000000008008434                _free_r
 .text._malloc_r
                0x00000000080084d0       0xb4 c:/program files/stmicroelectronics/stm32cube/stm32cubeide_1.3.0/stm32cubeide/plugins/com.st.stm32cube.ide.mcu.externaltools.gnu-tools-for-stm32.7-2018-q2-update.win32_1.0.0.201904181610/tools/bin/../lib/gcc/arm-none-eabi/7.3.1/../../../../arm-none-eabi/lib/thumb/v7e-m/fpv4-sp/hard\libc_nano.a(lib_a-nano-mallocr.o)
                0x00000000080084d0                _malloc_r
 .text._sbrk_r  0x0000000008008584       0x20 c:/program files/stmicroelectronics/stm32cube/stm32cubeide_1.3.0/stm32cubeide/plugins/com.st.stm32cube.ide.mcu.externaltools.gnu-tools-for-stm32.7-2018-q2-update.win32_1.0.0.201904181610/tools/bin/../lib/gcc/arm-none-eabi/7.3.1/../../../../arm-none-eabi/lib/thumb/v7e-m/fpv4-sp/hard\libc_nano.a(lib_a-sbrkr.o)
                0x0000000008008584                _sbrk_r
 .text.__malloc_lock
                0x00000000080085a4        0x2 c:/program files/stmicroelectronics/stm32cube/stm32cubeide_1.3.0/stm32cubeide/plugins/com.st.stm32cube.ide.mcu.externaltools.gnu-tools-for-stm32.7-2018-q2-update.win32_1.0.0.201904181610/tools/bin/../lib/gcc/arm-none-eabi/7.3.1/../../../../arm-none-eabi/lib/thumb/v7e-m/fpv4-sp/hard\libc_nano.a(lib_a-mlock.o)
                0x00000000080085a4                __malloc_lock
 .text.__malloc_unlock
                0x00000000080085a6        0x2 c:/program files/stmicroelectronics/stm32cube/stm32cubeide_1.3.0/stm32cubeide/plugins/com.st.stm32cube.ide.mcu.externaltools.gnu-tools-for-stm32.7-2018-q2-update.win32_1.0.0.201904181610/tools/bin/../lib/gcc/arm-none-eabi/7.3.1/../../../../arm-none-eabi/lib/thumb/v7e-m/fpv4-sp/hard\libc_nano.a(lib_a-mlock.o)
                0x00000000080085a6                __malloc_unlock
 *(.glue_7)
 .glue_7        0x00000000080085a8        0x0 linker stubs
 *(.glue_7t)
 .glue_7t       0x00000000080085a8        0x0 linker stubs
 *(.eh_frame)
 .eh_frame      0x00000000080085a8        0x0 c:/program files/stmicroelectronics/stm32cube/stm32cubeide_1.3.0/stm32cubeide/plugins/com.st.stm32cube.ide.mcu.externaltools.gnu-tools-for-stm32.7-2018-q2-update.win32_1.0.0.201904181610/tools/bin/../lib/gcc/arm-none-eabi/7.3.1/thumb/v7e-m/fpv4-sp/hard/crtbegin.o
 *(.init)
 .init          0x00000000080085a8        0x4 c:/program files/stmicroelectronics/stm32cube/stm32cubeide_1.3.0/stm32cubeide/plugins/com.st.stm32cube.ide.mcu.externaltools.gnu-tools-for-stm32.7-2018-q2-update.win32_1.0.0.201904181610/tools/bin/../lib/gcc/arm-none-eabi/7.3.1/thumb/v7e-m/fpv4-sp/hard/crti.o
                0x00000000080085a8                _init
 .init          0x00000000080085ac        0x8 c:/program files/stmicroelectronics/stm32cube/stm32cubeide_1.3.0/stm32cubeide/plugins/com.st.stm32cube.ide.mcu.externaltools.gnu-tools-for-stm32.7-2018-q2-update.win32_1.0.0.201904181610/tools/bin/../lib/gcc/arm-none-eabi/7.3.1/thumb/v7e-m/fpv4-sp/hard/crtn.o
 *(.fini)
 .fini          0x00000000080085b4        0x4 c:/program files/stmicroelectronics/stm32cube/stm32cubeide_1.3.0/stm32cubeide/plugins/com.st.stm32cube.ide.mcu.externaltools.gnu-tools-for-stm32.7-2018-q2-update.win32_1.0.0.201904181610/tools/bin/../lib/gcc/arm-none-eabi/7.3.1/thumb/v7e-m/fpv4-sp/hard/crti.o
                0x00000000080085b4                _fini
 .fini          0x00000000080085b8        0x8 c:/program files/stmicroelectronics/stm32cube/stm32cubeide_1.3.0/stm32cubeide/plugins/com.st.stm32cube.ide.mcu.externaltools.gnu-tools-for-stm32.7-2018-q2-update.win32_1.0.0.201904181610/tools/bin/../lib/gcc/arm-none-eabi/7.3.1/thumb/v7e-m/fpv4-sp/hard/crtn.o
                0x00000000080085c0                . = ALIGN (0x4)
                0x00000000080085c0                _etext = .

.vfp11_veneer   0x00000000080085c0        0x0
 .vfp11_veneer  0x00000000080085c0        0x0 linker stubs

.v4_bx          0x00000000080085c0        0x0
 .v4_bx         0x00000000080085c0        0x0 linker stubs

.iplt           0x00000000080085c0        0x0
 .iplt          0x00000000080085c0        0x0 c:/program files/stmicroelectronics/stm32cube/stm32cubeide_1.3.0/stm32cubeide/plugins/com.st.stm32cube.ide.mcu.externaltools.gnu-tools-for-stm32.7-2018-q2-update.win32_1.0.0.201904181610/tools/bin/../lib/gcc/arm-none-eabi/7.3.1/thumb/v7e-m/fpv4-sp/hard/crtbegin.o

.rodata         0x00000000080085c0       0x68
                0x00000000080085c0                . = ALIGN (0x4)
 *(.rodata)
 .rodata        0x00000000080085c0        0x3 Core/Src/ffb_report_handler.o
 *fill*         0x00000000080085c3        0x1 
 .rodata        0x00000000080085c4       0x51 USB_DEVICE/App/usbd_desc.o
 *(.rodata*)
 *fill*         0x0000000008008615        0x3 
 .rodata.AHBPrescTable
                0x0000000008008618       0x10 Core/Src/system_stm32f4xx.o
                0x0000000008008618                AHBPrescTable
                0x0000000008008628                . = ALIGN (0x4)

.ARM.extab      0x0000000008008628        0x0
                0x0000000008008628                . = ALIGN (0x4)
 *(.ARM.extab* .gnu.linkonce.armextab.*)
                0x0000000008008628                . = ALIGN (0x4)

.ARM            0x0000000008008628        0x8
                0x0000000008008628                . = ALIGN (0x4)
                0x0000000008008628                __exidx_start = .
 *(.ARM.exidx*)
 .ARM.exidx     0x0000000008008628        0x8 c:/program files/stmicroelectronics/stm32cube/stm32cubeide_1.3.0/stm32cubeide/plugins/com.st.stm32cube.ide.mcu.externaltools.gnu-tools-for-stm32.7-2018-q2-update.win32_1.0.0.201904181610/tools/bin/../lib/gcc/arm-none-eabi/7.3.1/thumb/v7e-m/fpv4-sp/hard\libgcc.a(_udivmoddi4.o)
                0x0000000008008630                __exidx_end = .
                0x0000000008008630                . = ALIGN (0x4)

.rel.dyn        0x0000000008008630        0x0
 .rel.iplt      0x0000000008008630        0x0 c:/program files/stmicroelectronics/stm32cube/stm32cubeide_1.3.0/stm32cubeide/plugins/com.st.stm32cube.ide.mcu.externaltools.gnu-tools-for-stm32.7-2018-q2-update.win32_1.0.0.201904181610/tools/bin/../lib/gcc/arm-none-eabi/7.3.1/thumb/v7e-m/fpv4-sp/hard/crtbegin.o

.preinit_array  0x0000000008008630        0x0
                0x0000000008008630                . = ALIGN (0x4)
                0x0000000008008630                PROVIDE (__preinit_array_start = .)
 *(.preinit_array*)
                0x0000000008008630                PROVIDE (__preinit_array_end = .)
                0x0000000008008630                . = ALIGN (0x4)

.init_array     0x0000000008008630        0xc
                0x0000000008008630                . = ALIGN (0x4)
                0x0000000008008630                PROVIDE (__init_array_start = .)
 *(SORT_BY_NAME(.init_array.*))
 *(.init_array*)
 .init_array    0x0000000008008630        0x4 c:/program files/stmicroelectronics/stm32cube/stm32cubeide_1.3.0/stm32cubeide/plugins/com.st.stm32cube.ide.mcu.externaltools.gnu-tools-for-stm32.7-2018-q2-update.win32_1.0.0.201904181610/tools/bin/../lib/gcc/arm-none-eabi/7.3.1/thumb/v7e-m/fpv4-sp/hard/crtbegin.o
 .init_array    0x0000000008008634        0x4 Core/Src/ffb_report_handler.o
 .init_array    0x0000000008008638        0x4 Core/Src/main.o
                0x000000000800863c                PROVIDE (__init_array_end = .)
                0x000000000800863c                . = ALIGN (0x4)

.fini_array     0x000000000800863c        0xc
                0x000000000800863c                . = ALIGN (0x4)
                [!provide]                        PROVIDE (__fini_array_start = .)
 *(SORT_BY_NAME(.fini_array.*))
 *(.fini_array*)
 .fini_array    0x000000000800863c        0x4 c:/program files/stmicroelectronics/stm32cube/stm32cubeide_1.3.0/stm32cubeide/plugins/com.st.stm32cube.ide.mcu.externaltools.gnu-tools-for-stm32.7-2018-q2-update.win32_1.0.0.201904181610/tools/bin/../lib/gcc/arm-none-eabi/7.3.1/thumb/v7e-m/fpv4-sp/hard/crtbegin.o
 .fini_array    0x0000000008008640        0x4 Core/Src/ffb_report_handler.o
 .fini_array    0x0000000008008644        0x4 Core/Src/main.o
                [!provide]                        PROVIDE (__fini_array_end = .)
                0x0000000008008648                . = ALIGN (0x4)
                0x0000000008008648                _sidata = LOADADDR (.data)

.data           0x0000000020000000      0x6b8 load address 0x0000000008008648
                0x0000000020000000                . = ALIGN (0x4)
                0x0000000020000000                _sdata = .
 *(.data)
 *(.data*)
 .data.xAxisMaxValue
                0x0000000020000000        0x4 Core/Src/main.o
                0x0000000020000000                xAxisMaxValue
 .data.xAxisMinValue
                0x0000000020000004        0x4 Core/Src/main.o
                0x0000000020000004                xAxisMinValue
 .data.encoderMaxValue
                0x0000000020000008        0x4 Core/Src/main.o
                0x0000000020000008                encoderMaxValue
 .data.SystemCoreClock
                0x000000002000000c        0x4 Core/Src/system_stm32f4xx.o
                0x000000002000000c                SystemCoreClock
 .data.uwTickPrio
                0x0000000020000010        0x4 Drivers/STM32F4xx_HAL_Driver/Src/stm32f4xx_hal.o
                0x0000000020000010                uwTickPrio
 .data.uwTickFreq
                0x0000000020000014        0x1 Drivers/STM32F4xx_HAL_Driver/Src/stm32f4xx_hal.o
                0x0000000020000014                uwTickFreq
 *fill*         0x0000000020000015        0x3 
 .data.USBD_CUSTOM_HID
                0x0000000020000018       0x38 Middlewares/ST/STM32_USB_Device_Library/Class/CustomHID/Src/usbd_customhid.o
                0x0000000020000018                USBD_CUSTOM_HID
 .data.USBD_CUSTOM_HID_CfgFSDesc
                0x0000000020000050       0x29 Middlewares/ST/STM32_USB_Device_Library/Class/CustomHID/Src/usbd_customhid.o
 *fill*         0x0000000020000079        0x3 
 .data.USBD_CUSTOM_HID_CfgHSDesc
                0x000000002000007c       0x29 Middlewares/ST/STM32_USB_Device_Library/Class/CustomHID/Src/usbd_customhid.o
 *fill*         0x00000000200000a5        0x3 
 .data.USBD_CUSTOM_HID_OtherSpeedCfgDesc
                0x00000000200000a8       0x29 Middlewares/ST/STM32_USB_Device_Library/Class/CustomHID/Src/usbd_customhid.o
 *fill*         0x00000000200000d1        0x3 
 .data.USBD_CUSTOM_HID_Desc
                0x00000000200000d4        0x9 Middlewares/ST/STM32_USB_Device_Library/Class/CustomHID/Src/usbd_customhid.o
 *fill*         0x00000000200000dd        0x3 
 .data.USBD_CUSTOM_HID_DeviceQualifierDesc
                0x00000000200000e0        0xa Middlewares/ST/STM32_USB_Device_Library/Class/CustomHID/Src/usbd_customhid.o
 *fill*         0x00000000200000ea        0x2 
 .data.CUSTOM_HID_ReportDesc_FS
                0x00000000200000ec      0x503 USB_DEVICE/App/usbd_custom_hid_if.o
 *fill*         0x00000000200005ef        0x1 
 .data.USBD_CustomHID_fops_FS
                0x00000000200005f0       0x14 USB_DEVICE/App/usbd_custom_hid_if.o
                0x00000000200005f0                USBD_CustomHID_fops_FS
 .data.FS_Desc  0x0000000020000604       0x1c USB_DEVICE/App/usbd_desc.o
                0x0000000020000604                FS_Desc
 .data.USBD_FS_DeviceDesc
                0x0000000020000620       0x12 USB_DEVICE/App/usbd_desc.o
                0x0000000020000620                USBD_FS_DeviceDesc
 *fill*         0x0000000020000632        0x2 
 .data.USBD_LangIDDesc
                0x0000000020000634        0x4 USB_DEVICE/App/usbd_desc.o
                0x0000000020000634                USBD_LangIDDesc
 .data.USBD_StringSerial
                0x0000000020000638       0x1a USB_DEVICE/App/usbd_desc.o
                0x0000000020000638                USBD_StringSerial
 *fill*         0x0000000020000652        0x2 
 .data._impure_ptr
                0x0000000020000654        0x4 c:/program files/stmicroelectronics/stm32cube/stm32cubeide_1.3.0/stm32cubeide/plugins/com.st.stm32cube.ide.mcu.externaltools.gnu-tools-for-stm32.7-2018-q2-update.win32_1.0.0.201904181610/tools/bin/../lib/gcc/arm-none-eabi/7.3.1/../../../../arm-none-eabi/lib/thumb/v7e-m/fpv4-sp/hard\libc_nano.a(lib_a-impure.o)
                0x0000000020000654                _impure_ptr
 .data.impure_data
                0x0000000020000658       0x60 c:/program files/stmicroelectronics/stm32cube/stm32cubeide_1.3.0/stm32cubeide/plugins/com.st.stm32cube.ide.mcu.externaltools.gnu-tools-for-stm32.7-2018-q2-update.win32_1.0.0.201904181610/tools/bin/../lib/gcc/arm-none-eabi/7.3.1/../../../../arm-none-eabi/lib/thumb/v7e-m/fpv4-sp/hard\libc_nano.a(lib_a-impure.o)
                0x00000000200006b8                . = ALIGN (0x4)
                0x00000000200006b8                _edata = .

.igot.plt       0x00000000200006b8        0x0 load address 0x0000000008008d00
 .igot.plt      0x00000000200006b8        0x0 c:/program files/stmicroelectronics/stm32cube/stm32cubeide_1.3.0/stm32cubeide/plugins/com.st.stm32cube.ide.mcu.externaltools.gnu-tools-for-stm32.7-2018-q2-update.win32_1.0.0.201904181610/tools/bin/../lib/gcc/arm-none-eabi/7.3.1/thumb/v7e-m/fpv4-sp/hard/crtbegin.o
                0x00000000200006b8                . = ALIGN (0x4)

.bss            0x00000000200006b8      0xd24 load address 0x0000000008008d00
                0x00000000200006b8                _sbss = .
                0x00000000200006b8                __bss_start__ = _sbss
 *(.bss)
 .bss           0x00000000200006b8       0x1c c:/program files/stmicroelectronics/stm32cube/stm32cubeide_1.3.0/stm32cubeide/plugins/com.st.stm32cube.ide.mcu.externaltools.gnu-tools-for-stm32.7-2018-q2-update.win32_1.0.0.201904181610/tools/bin/../lib/gcc/arm-none-eabi/7.3.1/thumb/v7e-m/fpv4-sp/hard/crtbegin.o
 *(.bss*)
 .bss._ZL8newCount
                0x00000000200006d4        0x2 Core/Src/encoder.o
 .bss._ZL9prevCount
                0x00000000200006d6        0x2 Core/Src/encoder.o
 .bss.ffbReportHandler
                0x00000000200006d8      0x370 Core/Src/ffb_report_handler.o
                0x00000000200006d8                ffbReportHandler
 .bss.htim1     0x0000000020000a48       0x40 Core/Src/main.o
                0x0000000020000a48                htim1
 .bss.htim2     0x0000000020000a88       0x40 Core/Src/main.o
                0x0000000020000a88                htim2
 .bss.wheelController
                0x0000000020000ac8        0xe Core/Src/main.o
                0x0000000020000ac8                wheelController
 *fill*         0x0000000020000ad6        0x2 
 .bss.encoder   0x0000000020000ad8        0x2 Core/Src/main.o
                0x0000000020000ad8                encoder
 *fill*         0x0000000020000ada        0x2 
 .bss.xAxisValue
                0x0000000020000adc        0x4 Core/Src/main.o
                0x0000000020000adc                xAxisValue
 .bss.usb_rx_buffer
                0x0000000020000ae0        0x4 Core/Src/main.o
                0x0000000020000ae0                usb_rx_buffer
 .bss.report_id
                0x0000000020000ae4        0x1 Core/Src/main.o
                0x0000000020000ae4                report_id
 .bss.report_type
                0x0000000020000ae5        0x1 Core/Src/main.o
                0x0000000020000ae5                report_type
 *fill*         0x0000000020000ae6        0x2 
 .bss.counter   0x0000000020000ae8        0x4 Core/Src/main.o
                0x0000000020000ae8                counter
 .bss.heap_end.6424
                0x0000000020000aec        0x4 Core/Src/sysmem.o
 .bss.cfgidx.10238
                0x0000000020000af0        0x1 Middlewares/ST/STM32_USB_Device_Library/Core/Src/usbd_ctlreq.o
 *fill*         0x0000000020000af1        0x3 
 .bss.__malloc_free_list
                0x0000000020000af4        0x4 c:/program files/stmicroelectronics/stm32cube/stm32cubeide_1.3.0/stm32cubeide/plugins/com.st.stm32cube.ide.mcu.externaltools.gnu-tools-for-stm32.7-2018-q2-update.win32_1.0.0.201904181610/tools/bin/../lib/gcc/arm-none-eabi/7.3.1/../../../../arm-none-eabi/lib/thumb/v7e-m/fpv4-sp/hard\libc_nano.a(lib_a-nano-mallocr.o)
                0x0000000020000af4                __malloc_free_list
 .bss.__malloc_sbrk_start
                0x0000000020000af8        0x4 c:/program files/stmicroelectronics/stm32cube/stm32cubeide_1.3.0/stm32cubeide/plugins/com.st.stm32cube.ide.mcu.externaltools.gnu-tools-for-stm32.7-2018-q2-update.win32_1.0.0.201904181610/tools/bin/../lib/gcc/arm-none-eabi/7.3.1/../../../../arm-none-eabi/lib/thumb/v7e-m/fpv4-sp/hard\libc_nano.a(lib_a-nano-mallocr.o)
                0x0000000020000af8                __malloc_sbrk_start
 *(COMMON)
 COMMON         0x0000000020000afc        0x4 Drivers/STM32F4xx_HAL_Driver/Src/stm32f4xx_hal.o
                0x0000000020000afc                uwTick
 COMMON         0x0000000020000b00      0x2d0 USB_DEVICE/App/usb_device.o
                0x0000000020000b00                hUsbDeviceFS
 COMMON         0x0000000020000dd0      0x200 USB_DEVICE/App/usbd_desc.o
                0x0000000020000dd0                USBD_StrDesc
 COMMON         0x0000000020000fd0      0x408 USB_DEVICE/Target/usbd_conf.o
                0x0000000020000fd0                hpcd_USB_OTG_FS
 COMMON         0x00000000200013d8        0x4 c:/program files/stmicroelectronics/stm32cube/stm32cubeide_1.3.0/stm32cubeide/plugins/com.st.stm32cube.ide.mcu.externaltools.gnu-tools-for-stm32.7-2018-q2-update.win32_1.0.0.201904181610/tools/bin/../lib/gcc/arm-none-eabi/7.3.1/../../../../arm-none-eabi/lib/thumb/v7e-m/fpv4-sp/hard\libc_nano.a(lib_a-reent.o)
                0x00000000200013d8                errno
                0x00000000200013dc                . = ALIGN (0x4)
                0x00000000200013dc                _ebss = .
                0x00000000200013dc                __bss_end__ = _ebss

._user_heap_stack
                0x00000000200013dc      0x604 load address 0x0000000008008d00
                0x00000000200013e0                . = ALIGN (0x8)
 *fill*         0x00000000200013dc        0x4 
                0x00000000200013e0                PROVIDE (end = .)
                [!provide]                        PROVIDE (_end = .)
                0x00000000200015e0                . = (. + _Min_Heap_Size)
 *fill*         0x00000000200013e0      0x200 
                0x00000000200019e0                . = (. + _Min_Stack_Size)
 *fill*         0x00000000200015e0      0x400 
                0x00000000200019e0                . = ALIGN (0x8)

/DISCARD/
 libc.a(*)
 libm.a(*)
 libgcc.a(*)

.ARM.attributes
                0x0000000000000000       0x30
 *(.ARM.attributes)
 .ARM.attributes
                0x0000000000000000       0x22 c:/program files/stmicroelectronics/stm32cube/stm32cubeide_1.3.0/stm32cubeide/plugins/com.st.stm32cube.ide.mcu.externaltools.gnu-tools-for-stm32.7-2018-q2-update.win32_1.0.0.201904181610/tools/bin/../lib/gcc/arm-none-eabi/7.3.1/thumb/v7e-m/fpv4-sp/hard/crti.o
 .ARM.attributes
                0x0000000000000022       0x34 c:/program files/stmicroelectronics/stm32cube/stm32cubeide_1.3.0/stm32cubeide/plugins/com.st.stm32cube.ide.mcu.externaltools.gnu-tools-for-stm32.7-2018-q2-update.win32_1.0.0.201904181610/tools/bin/../lib/gcc/arm-none-eabi/7.3.1/thumb/v7e-m/fpv4-sp/hard/crtbegin.o
 .ARM.attributes
                0x0000000000000056       0x39 Core/Src/encoder.o
 .ARM.attributes
                0x000000000000008f       0x39 Core/Src/ffb_report_handler.o
 .ARM.attributes
                0x00000000000000c8       0x39 Core/Src/main.o
 .ARM.attributes
                0x0000000000000101       0x39 Core/Src/stm32f4xx_hal_msp.o
 .ARM.attributes
                0x000000000000013a       0x39 Core/Src/stm32f4xx_it.o
 .ARM.attributes
                0x0000000000000173       0x39 Core/Src/sysmem.o
 .ARM.attributes
                0x00000000000001ac       0x39 Core/Src/system_stm32f4xx.o
 .ARM.attributes
                0x00000000000001e5       0x39 Core/Src/utils.o
 .ARM.attributes
                0x000000000000021e       0x39 Core/Src/wheel_controller.o
 .ARM.attributes
                0x0000000000000257       0x21 Core/Startup/startup_stm32f407vetx.o
 .ARM.attributes
                0x0000000000000278       0x39 Drivers/STM32F4xx_HAL_Driver/Src/stm32f4xx_hal.o
 .ARM.attributes
                0x00000000000002b1       0x39 Drivers/STM32F4xx_HAL_Driver/Src/stm32f4xx_hal_cortex.o
 .ARM.attributes
                0x00000000000002ea       0x39 Drivers/STM32F4xx_HAL_Driver/Src/stm32f4xx_hal_gpio.o
 .ARM.attributes
                0x0000000000000323       0x39 Drivers/STM32F4xx_HAL_Driver/Src/stm32f4xx_hal_pcd.o
 .ARM.attributes
                0x000000000000035c       0x39 Drivers/STM32F4xx_HAL_Driver/Src/stm32f4xx_hal_pcd_ex.o
 .ARM.attributes
                0x0000000000000395       0x39 Drivers/STM32F4xx_HAL_Driver/Src/stm32f4xx_hal_rcc.o
 .ARM.attributes
                0x00000000000003ce       0x39 Drivers/STM32F4xx_HAL_Driver/Src/stm32f4xx_hal_tim.o
 .ARM.attributes
                0x0000000000000407       0x39 Drivers/STM32F4xx_HAL_Driver/Src/stm32f4xx_hal_tim_ex.o
 .ARM.attributes
                0x0000000000000440       0x39 Drivers/STM32F4xx_HAL_Driver/Src/stm32f4xx_ll_usb.o
 .ARM.attributes
                0x0000000000000479       0x39 Middlewares/ST/STM32_USB_Device_Library/Class/CustomHID/Src/usbd_customhid.o
 .ARM.attributes
                0x00000000000004b2       0x39 Middlewares/ST/STM32_USB_Device_Library/Core/Src/usbd_core.o
 .ARM.attributes
                0x00000000000004eb       0x39 Middlewares/ST/STM32_USB_Device_Library/Core/Src/usbd_ctlreq.o
 .ARM.attributes
                0x0000000000000524       0x39 Middlewares/ST/STM32_USB_Device_Library/Core/Src/usbd_ioreq.o
 .ARM.attributes
                0x000000000000055d       0x39 USB_DEVICE/App/usb_device.o
 .ARM.attributes
                0x0000000000000596       0x39 USB_DEVICE/App/usbd_custom_hid_if.o
 .ARM.attributes
                0x00000000000005cf       0x39 USB_DEVICE/App/usbd_desc.o
 .ARM.attributes
                0x0000000000000608       0x39 USB_DEVICE/Target/usbd_conf.o
 .ARM.attributes
                0x0000000000000641       0x34 c:/program files/stmicroelectronics/stm32cube/stm32cubeide_1.3.0/stm32cubeide/plugins/com.st.stm32cube.ide.mcu.externaltools.gnu-tools-for-stm32.7-2018-q2-update.win32_1.0.0.201904181610/tools/bin/../lib/gcc/arm-none-eabi/7.3.1/../../../../arm-none-eabi/lib/thumb/v7e-m/fpv4-sp/hard\libc_nano.a(lib_a-errno.o)
 .ARM.attributes
                0x0000000000000675       0x34 c:/program files/stmicroelectronics/stm32cube/stm32cubeide_1.3.0/stm32cubeide/plugins/com.st.stm32cube.ide.mcu.externaltools.gnu-tools-for-stm32.7-2018-q2-update.win32_1.0.0.201904181610/tools/bin/../lib/gcc/arm-none-eabi/7.3.1/../../../../arm-none-eabi/lib/thumb/v7e-m/fpv4-sp/hard\libc_nano.a(lib_a-impure.o)
 .ARM.attributes
                0x00000000000006a9       0x34 c:/program files/stmicroelectronics/stm32cube/stm32cubeide_1.3.0/stm32cubeide/plugins/com.st.stm32cube.ide.mcu.externaltools.gnu-tools-for-stm32.7-2018-q2-update.win32_1.0.0.201904181610/tools/bin/../lib/gcc/arm-none-eabi/7.3.1/../../../../arm-none-eabi/lib/thumb/v7e-m/fpv4-sp/hard\libc_nano.a(lib_a-init.o)
 .ARM.attributes
                0x00000000000006dd       0x34 c:/program files/stmicroelectronics/stm32cube/stm32cubeide_1.3.0/stm32cubeide/plugins/com.st.stm32cube.ide.mcu.externaltools.gnu-tools-for-stm32.7-2018-q2-update.win32_1.0.0.201904181610/tools/bin/../lib/gcc/arm-none-eabi/7.3.1/../../../../arm-none-eabi/lib/thumb/v7e-m/fpv4-sp/hard\libc_nano.a(lib_a-malloc.o)
 .ARM.attributes
                0x0000000000000711       0x34 c:/program files/stmicroelectronics/stm32cube/stm32cubeide_1.3.0/stm32cubeide/plugins/com.st.stm32cube.ide.mcu.externaltools.gnu-tools-for-stm32.7-2018-q2-update.win32_1.0.0.201904181610/tools/bin/../lib/gcc/arm-none-eabi/7.3.1/../../../../arm-none-eabi/lib/thumb/v7e-m/fpv4-sp/hard\libc_nano.a(lib_a-memcpy-stub.o)
 .ARM.attributes
                0x0000000000000745       0x34 c:/program files/stmicroelectronics/stm32cube/stm32cubeide_1.3.0/stm32cubeide/plugins/com.st.stm32cube.ide.mcu.externaltools.gnu-tools-for-stm32.7-2018-q2-update.win32_1.0.0.201904181610/tools/bin/../lib/gcc/arm-none-eabi/7.3.1/../../../../arm-none-eabi/lib/thumb/v7e-m/fpv4-sp/hard\libc_nano.a(lib_a-memset.o)
 .ARM.attributes
                0x0000000000000779       0x34 c:/program files/stmicroelectronics/stm32cube/stm32cubeide_1.3.0/stm32cubeide/plugins/com.st.stm32cube.ide.mcu.externaltools.gnu-tools-for-stm32.7-2018-q2-update.win32_1.0.0.201904181610/tools/bin/../lib/gcc/arm-none-eabi/7.3.1/../../../../arm-none-eabi/lib/thumb/v7e-m/fpv4-sp/hard\libc_nano.a(lib_a-nano-freer.o)
 .ARM.attributes
                0x00000000000007ad       0x34 c:/program files/stmicroelectronics/stm32cube/stm32cubeide_1.3.0/stm32cubeide/plugins/com.st.stm32cube.ide.mcu.externaltools.gnu-tools-for-stm32.7-2018-q2-update.win32_1.0.0.201904181610/tools/bin/../lib/gcc/arm-none-eabi/7.3.1/../../../../arm-none-eabi/lib/thumb/v7e-m/fpv4-sp/hard\libc_nano.a(lib_a-nano-mallocr.o)
 .ARM.attributes
                0x00000000000007e1       0x34 c:/program files/stmicroelectronics/stm32cube/stm32cubeide_1.3.0/stm32cubeide/plugins/com.st.stm32cube.ide.mcu.externaltools.gnu-tools-for-stm32.7-2018-q2-update.win32_1.0.0.201904181610/tools/bin/../lib/gcc/arm-none-eabi/7.3.1/../../../../arm-none-eabi/lib/thumb/v7e-m/fpv4-sp/hard\libc_nano.a(lib_a-sbrkr.o)
 .ARM.attributes
                0x0000000000000815       0x34 c:/program files/stmicroelectronics/stm32cube/stm32cubeide_1.3.0/stm32cubeide/plugins/com.st.stm32cube.ide.mcu.externaltools.gnu-tools-for-stm32.7-2018-q2-update.win32_1.0.0.201904181610/tools/bin/../lib/gcc/arm-none-eabi/7.3.1/../../../../arm-none-eabi/lib/thumb/v7e-m/fpv4-sp/hard\libc_nano.a(lib_a-mlock.o)
 .ARM.attributes
                0x0000000000000849       0x34 c:/program files/stmicroelectronics/stm32cube/stm32cubeide_1.3.0/stm32cubeide/plugins/com.st.stm32cube.ide.mcu.externaltools.gnu-tools-for-stm32.7-2018-q2-update.win32_1.0.0.201904181610/tools/bin/../lib/gcc/arm-none-eabi/7.3.1/../../../../arm-none-eabi/lib/thumb/v7e-m/fpv4-sp/hard\libc_nano.a(lib_a-reent.o)
 .ARM.attributes
                0x000000000000087d       0x22 c:/program files/stmicroelectronics/stm32cube/stm32cubeide_1.3.0/stm32cubeide/plugins/com.st.stm32cube.ide.mcu.externaltools.gnu-tools-for-stm32.7-2018-q2-update.win32_1.0.0.201904181610/tools/bin/../lib/gcc/arm-none-eabi/7.3.1/thumb/v7e-m/fpv4-sp/hard\libgcc.a(_arm_addsubdf3.o)
 .ARM.attributes
                0x000000000000089f       0x22 c:/program files/stmicroelectronics/stm32cube/stm32cubeide_1.3.0/stm32cubeide/plugins/com.st.stm32cube.ide.mcu.externaltools.gnu-tools-for-stm32.7-2018-q2-update.win32_1.0.0.201904181610/tools/bin/../lib/gcc/arm-none-eabi/7.3.1/thumb/v7e-m/fpv4-sp/hard\libgcc.a(_arm_muldivdf3.o)
 .ARM.attributes
                0x00000000000008c1       0x22 c:/program files/stmicroelectronics/stm32cube/stm32cubeide_1.3.0/stm32cubeide/plugins/com.st.stm32cube.ide.mcu.externaltools.gnu-tools-for-stm32.7-2018-q2-update.win32_1.0.0.201904181610/tools/bin/../lib/gcc/arm-none-eabi/7.3.1/thumb/v7e-m/fpv4-sp/hard\libgcc.a(_arm_fixdfsi.o)
 .ARM.attributes
                0x00000000000008e3       0x22 c:/program files/stmicroelectronics/stm32cube/stm32cubeide_1.3.0/stm32cubeide/plugins/com.st.stm32cube.ide.mcu.externaltools.gnu-tools-for-stm32.7-2018-q2-update.win32_1.0.0.201904181610/tools/bin/../lib/gcc/arm-none-eabi/7.3.1/thumb/v7e-m/fpv4-sp/hard\libgcc.a(_aeabi_uldivmod.o)
 .ARM.attributes
                0x0000000000000905       0x34 c:/program files/stmicroelectronics/stm32cube/stm32cubeide_1.3.0/stm32cubeide/plugins/com.st.stm32cube.ide.mcu.externaltools.gnu-tools-for-stm32.7-2018-q2-update.win32_1.0.0.201904181610/tools/bin/../lib/gcc/arm-none-eabi/7.3.1/thumb/v7e-m/fpv4-sp/hard\libgcc.a(_udivmoddi4.o)
 .ARM.attributes
                0x0000000000000939       0x22 c:/program files/stmicroelectronics/stm32cube/stm32cubeide_1.3.0/stm32cubeide/plugins/com.st.stm32cube.ide.mcu.externaltools.gnu-tools-for-stm32.7-2018-q2-update.win32_1.0.0.201904181610/tools/bin/../lib/gcc/arm-none-eabi/7.3.1/thumb/v7e-m/fpv4-sp/hard\libgcc.a(_dvmd_tls.o)
 .ARM.attributes
                0x000000000000095b       0x22 c:/program files/stmicroelectronics/stm32cube/stm32cubeide_1.3.0/stm32cubeide/plugins/com.st.stm32cube.ide.mcu.externaltools.gnu-tools-for-stm32.7-2018-q2-update.win32_1.0.0.201904181610/tools/bin/../lib/gcc/arm-none-eabi/7.3.1/thumb/v7e-m/fpv4-sp/hard/crtn.o
OUTPUT(CarSimulatorFirmware.elf elf32-littlearm)

.debug_info     0x0000000000000000    0x1ae01
 .debug_info    0x0000000000000000      0xa90 Core/Src/encoder.o
 .debug_info    0x0000000000000a90      0xfdc Core/Src/ffb_report_handler.o
 .debug_info    0x0000000000001a6c     0x2663 Core/Src/main.o
 .debug_info    0x00000000000040cf      0xc8b Core/Src/stm32f4xx_hal_msp.o
 .debug_info    0x0000000000004d5a      0xb2f Core/Src/stm32f4xx_it.o
 .debug_info    0x0000000000005889      0x91c Core/Src/sysmem.o
 .debug_info    0x00000000000061a5      0x554 Core/Src/system_stm32f4xx.o
 .debug_info    0x00000000000066f9      0x9e8 Core/Src/utils.o
 .debug_info    0x00000000000070e1     0x1a00 Core/Src/wheel_controller.o
 .debug_info    0x0000000000008ae1       0x22 Core/Startup/startup_stm32f407vetx.o
 .debug_info    0x0000000000008b03      0x945 Drivers/STM32F4xx_HAL_Driver/Src/stm32f4xx_hal.o
 .debug_info    0x0000000000009448      0xe28 Drivers/STM32F4xx_HAL_Driver/Src/stm32f4xx_hal_cortex.o
 .debug_info    0x000000000000a270      0x7b5 Drivers/STM32F4xx_HAL_Driver/Src/stm32f4xx_hal_gpio.o
 .debug_info    0x000000000000aa25     0x1114 Drivers/STM32F4xx_HAL_Driver/Src/stm32f4xx_hal_pcd.o
 .debug_info    0x000000000000bb39      0x753 Drivers/STM32F4xx_HAL_Driver/Src/stm32f4xx_hal_pcd_ex.o
 .debug_info    0x000000000000c28c      0x904 Drivers/STM32F4xx_HAL_Driver/Src/stm32f4xx_hal_rcc.o
 .debug_info    0x000000000000cb90     0x24a9 Drivers/STM32F4xx_HAL_Driver/Src/stm32f4xx_hal_tim.o
 .debug_info    0x000000000000f039     0x1157 Drivers/STM32F4xx_HAL_Driver/Src/stm32f4xx_hal_tim_ex.o
 .debug_info    0x0000000000010190     0x18dd Drivers/STM32F4xx_HAL_Driver/Src/stm32f4xx_ll_usb.o
 .debug_info    0x0000000000011a6d     0x1341 Middlewares/ST/STM32_USB_Device_Library/Class/CustomHID/Src/usbd_customhid.o
 .debug_info    0x0000000000012dae     0x1285 Middlewares/ST/STM32_USB_Device_Library/Core/Src/usbd_core.o
 .debug_info    0x0000000000014033     0x123d Middlewares/ST/STM32_USB_Device_Library/Core/Src/usbd_ctlreq.o
 .debug_info    0x0000000000015270      0xf88 Middlewares/ST/STM32_USB_Device_Library/Core/Src/usbd_ioreq.o
 .debug_info    0x00000000000161f8      0xed2 USB_DEVICE/App/usb_device.o
 .debug_info    0x00000000000170ca      0xfea USB_DEVICE/App/usbd_custom_hid_if.o
 .debug_info    0x00000000000180b4      0xd20 USB_DEVICE/App/usbd_desc.o
 .debug_info    0x0000000000018dd4     0x202d USB_DEVICE/Target/usbd_conf.o

.debug_abbrev   0x0000000000000000     0x3c01
 .debug_abbrev  0x0000000000000000      0x269 Core/Src/encoder.o
 .debug_abbrev  0x0000000000000269      0x2c8 Core/Src/ffb_report_handler.o
 .debug_abbrev  0x0000000000000531      0x445 Core/Src/main.o
 .debug_abbrev  0x0000000000000976      0x1c0 Core/Src/stm32f4xx_hal_msp.o
 .debug_abbrev  0x0000000000000b36      0x1a1 Core/Src/stm32f4xx_it.o
 .debug_abbrev  0x0000000000000cd7      0x1bb Core/Src/sysmem.o
 .debug_abbrev  0x0000000000000e92      0x12b Core/Src/system_stm32f4xx.o
 .debug_abbrev  0x0000000000000fbd      0x1b5 Core/Src/utils.o
 .debug_abbrev  0x0000000000001172      0x3d1 Core/Src/wheel_controller.o
 .debug_abbrev  0x0000000000001543       0x12 Core/Startup/startup_stm32f407vetx.o
 .debug_abbrev  0x0000000000001555      0x1c7 Drivers/STM32F4xx_HAL_Driver/Src/stm32f4xx_hal.o
 .debug_abbrev  0x000000000000171c      0x2fa Drivers/STM32F4xx_HAL_Driver/Src/stm32f4xx_hal_cortex.o
 .debug_abbrev  0x0000000000001a16      0x1c9 Drivers/STM32F4xx_HAL_Driver/Src/stm32f4xx_hal_gpio.o
 .debug_abbrev  0x0000000000001bdf      0x266 Drivers/STM32F4xx_HAL_Driver/Src/stm32f4xx_hal_pcd.o
 .debug_abbrev  0x0000000000001e45      0x1cf Drivers/STM32F4xx_HAL_Driver/Src/stm32f4xx_hal_pcd_ex.o
 .debug_abbrev  0x0000000000002014      0x245 Drivers/STM32F4xx_HAL_Driver/Src/stm32f4xx_hal_rcc.o
 .debug_abbrev  0x0000000000002259      0x230 Drivers/STM32F4xx_HAL_Driver/Src/stm32f4xx_hal_tim.o
 .debug_abbrev  0x0000000000002489      0x21e Drivers/STM32F4xx_HAL_Driver/Src/stm32f4xx_hal_tim_ex.o
 .debug_abbrev  0x00000000000026a7      0x26d Drivers/STM32F4xx_HAL_Driver/Src/stm32f4xx_ll_usb.o
 .debug_abbrev  0x0000000000002914      0x2a2 Middlewares/ST/STM32_USB_Device_Library/Class/CustomHID/Src/usbd_customhid.o
 .debug_abbrev  0x0000000000002bb6      0x27d Middlewares/ST/STM32_USB_Device_Library/Core/Src/usbd_core.o
 .debug_abbrev  0x0000000000002e33      0x2ba Middlewares/ST/STM32_USB_Device_Library/Core/Src/usbd_ctlreq.o
 .debug_abbrev  0x00000000000030ed      0x1fc Middlewares/ST/STM32_USB_Device_Library/Core/Src/usbd_ioreq.o
 .debug_abbrev  0x00000000000032e9      0x1da USB_DEVICE/App/usb_device.o
 .debug_abbrev  0x00000000000034c3      0x229 USB_DEVICE/App/usbd_custom_hid_if.o
 .debug_abbrev  0x00000000000036ec      0x265 USB_DEVICE/App/usbd_desc.o
 .debug_abbrev  0x0000000000003951      0x2b0 USB_DEVICE/Target/usbd_conf.o

.debug_aranges  0x0000000000000000     0x1198
 .debug_aranges
                0x0000000000000000       0x50 Core/Src/encoder.o
 .debug_aranges
                0x0000000000000050       0x68 Core/Src/ffb_report_handler.o
 .debug_aranges
                0x00000000000000b8       0x60 Core/Src/main.o
 .debug_aranges
                0x0000000000000118       0x48 Core/Src/stm32f4xx_hal_msp.o
 .debug_aranges
                0x0000000000000160       0x70 Core/Src/stm32f4xx_it.o
 .debug_aranges