ffb_report_handler.cpp:32:1:FfbReportHandler::FfbReportHandler()	16	static
ffb_report_handler.cpp:37:1:FfbReportHandler::~FfbReportHandler()	16	static
ffb_report_handler.cpp:41:6:void FfbReportHandler::FreeAllEffects()	16	static
ffb_report_handler.cpp:48:10:uint8_t* FfbReportHandler::FfbOnPIDPool()	16	static
ffb_report_handler.cpp:59:10:uint8_t* FfbReportHandler::FfbOnPIDBlockLoad()	16	static
ffb_report_handler.cpp:64:10:uint8_t* FfbReportHandler::FfbOnPIDStatus()	16	static
ffb_report_handler.cpp:70:6:void FfbReportHandler::FfbOnCreateNewEffect(USB_FFBReport_CreateNewEffect_Feature_Data_t*)	24	static
ffb_report_handler.cpp:89:1:void __static_initialization_and_destruction_0(int, int)	16	static
ffb_report_handler.cpp:89:1:cpp)	8	static
ffb_report_handler.cpp:89:1:cpp)	8	static
