wheel_controller.cpp:11:1:WheelController::WheelController()	16	static
wheel_controller.cpp:14:1:WheelController::~WheelController()	16	static
wheel_controller.cpp:17:6:void WheelController::begin()	16	static
wheel_controller.cpp:22:6:void WheelController::end()	16	static
wheel_controller.cpp:27:6:void WheelController::setX(int16_t)	16	static
wheel_controller.cpp:31:6:void WheelController::setY(int16_t)	16	static
wheel_controller.cpp:35:6:void WheelController::setZ(int16_t)	16	static
wheel_controller.cpp:39:6:void WheelController::setRX(int16_t)	16	static
wheel_controller.cpp:43:6:void WheelController::setRY(int16_t)	16	static
wheel_controller.cpp:47:6:void WheelController::setRZ(int16_t)	16	static
wheel_controller.cpp:51:6:void WheelController::press(uint16_t)	16	static
wheel_controller.cpp:59:6:void WheelController::release(uint16_t)	16	static
wheel_controller.cpp:63:6:void WheelController::releaseAll()	16	static
wheel_controller.cpp:67:6:void WheelController::_init()	16	static
wheel_controller.cpp:80:6:void WheelController::update()	40	static
